Archive member included to satisfy reference by file (symbol)

/usr/lib/gcc/arm-none-eabi/12.2.0/../../../../arm-none-eabi/lib/thumb/v7e-m+fp/hard/libc_nano.a(libc_a-atexit.o)
                              /usr/lib/gcc/arm-none-eabi/12.2.0/../../../../arm-none-eabi/lib/thumb/v7e-m+fp/hard/crt0.o (atexit)
/usr/lib/gcc/arm-none-eabi/12.2.0/../../../../arm-none-eabi/lib/thumb/v7e-m+fp/hard/libc_nano.a(libc_a-exit.o)
                              /usr/lib/gcc/arm-none-eabi/12.2.0/../../../../arm-none-eabi/lib/thumb/v7e-m+fp/hard/crt0.o (exit)
/usr/lib/gcc/arm-none-eabi/12.2.0/../../../../arm-none-eabi/lib/thumb/v7e-m+fp/hard/libc_nano.a(libc_a-malloc.o)
                              ./Core/Src/dywapitchtrack.o (malloc)
/usr/lib/gcc/arm-none-eabi/12.2.0/../../../../arm-none-eabi/lib/thumb/v7e-m+fp/hard/libc_nano.a(libc_a-mallocr.o)
                              /usr/lib/gcc/arm-none-eabi/12.2.0/../../../../arm-none-eabi/lib/thumb/v7e-m+fp/hard/libc_nano.a(libc_a-malloc.o) (_malloc_r)
/usr/lib/gcc/arm-none-eabi/12.2.0/../../../../arm-none-eabi/lib/thumb/v7e-m+fp/hard/libc_nano.a(libc_a-mlock.o)
                              /usr/lib/gcc/arm-none-eabi/12.2.0/../../../../arm-none-eabi/lib/thumb/v7e-m+fp/hard/libc_nano.a(libc_a-mallocr.o) (__malloc_lock)
/usr/lib/gcc/arm-none-eabi/12.2.0/../../../../arm-none-eabi/lib/thumb/v7e-m+fp/hard/libc_nano.a(libc_a-findfp.o)
                              /usr/lib/gcc/arm-none-eabi/12.2.0/../../../../arm-none-eabi/lib/thumb/v7e-m+fp/hard/libc_nano.a(libc_a-exit.o) (__stdio_exit_handler)
/usr/lib/gcc/arm-none-eabi/12.2.0/../../../../arm-none-eabi/lib/thumb/v7e-m+fp/hard/libc_nano.a(libc_a-fwalk.o)
                              /usr/lib/gcc/arm-none-eabi/12.2.0/../../../../arm-none-eabi/lib/thumb/v7e-m+fp/hard/libc_nano.a(libc_a-findfp.o) (_fwalk_sglue)
/usr/lib/gcc/arm-none-eabi/12.2.0/../../../../arm-none-eabi/lib/thumb/v7e-m+fp/hard/libc_nano.a(libc_a-sprintf.o)
                              ./Core/Src/main.o (sprintf)
/usr/lib/gcc/arm-none-eabi/12.2.0/../../../../arm-none-eabi/lib/thumb/v7e-m+fp/hard/libc_nano.a(libc_a-stdio.o)
                              /usr/lib/gcc/arm-none-eabi/12.2.0/../../../../arm-none-eabi/lib/thumb/v7e-m+fp/hard/libc_nano.a(libc_a-findfp.o) (__sread)
/usr/lib/gcc/arm-none-eabi/12.2.0/../../../../arm-none-eabi/lib/thumb/v7e-m+fp/hard/libc_nano.a(libc_a-memset.o)
                              /usr/lib/gcc/arm-none-eabi/12.2.0/../../../../arm-none-eabi/lib/thumb/v7e-m+fp/hard/crt0.o (memset)
/usr/lib/gcc/arm-none-eabi/12.2.0/../../../../arm-none-eabi/lib/thumb/v7e-m+fp/hard/libc_nano.a(libc_a-closer.o)
                              /usr/lib/gcc/arm-none-eabi/12.2.0/../../../../arm-none-eabi/lib/thumb/v7e-m+fp/hard/libc_nano.a(libc_a-stdio.o) (_close_r)
/usr/lib/gcc/arm-none-eabi/12.2.0/../../../../arm-none-eabi/lib/thumb/v7e-m+fp/hard/libc_nano.a(libc_a-reent.o)
                              /usr/lib/gcc/arm-none-eabi/12.2.0/../../../../arm-none-eabi/lib/thumb/v7e-m+fp/hard/libc_nano.a(libc_a-closer.o) (errno)
/usr/lib/gcc/arm-none-eabi/12.2.0/../../../../arm-none-eabi/lib/thumb/v7e-m+fp/hard/libc_nano.a(libc_a-impure.o)
                              /usr/lib/gcc/arm-none-eabi/12.2.0/../../../../arm-none-eabi/lib/thumb/v7e-m+fp/hard/libc_nano.a(libc_a-malloc.o) (_impure_ptr)
/usr/lib/gcc/arm-none-eabi/12.2.0/../../../../arm-none-eabi/lib/thumb/v7e-m+fp/hard/libc_nano.a(libc_a-lseekr.o)
                              /usr/lib/gcc/arm-none-eabi/12.2.0/../../../../arm-none-eabi/lib/thumb/v7e-m+fp/hard/libc_nano.a(libc_a-stdio.o) (_lseek_r)
/usr/lib/gcc/arm-none-eabi/12.2.0/../../../../arm-none-eabi/lib/thumb/v7e-m+fp/hard/libc_nano.a(libc_a-readr.o)
                              /usr/lib/gcc/arm-none-eabi/12.2.0/../../../../arm-none-eabi/lib/thumb/v7e-m+fp/hard/libc_nano.a(libc_a-stdio.o) (_read_r)
/usr/lib/gcc/arm-none-eabi/12.2.0/../../../../arm-none-eabi/lib/thumb/v7e-m+fp/hard/libc_nano.a(libc_a-sbrkr.o)
                              /usr/lib/gcc/arm-none-eabi/12.2.0/../../../../arm-none-eabi/lib/thumb/v7e-m+fp/hard/libc_nano.a(libc_a-mallocr.o) (_sbrk_r)
/usr/lib/gcc/arm-none-eabi/12.2.0/../../../../arm-none-eabi/lib/thumb/v7e-m+fp/hard/libc_nano.a(libc_a-writer.o)
                              /usr/lib/gcc/arm-none-eabi/12.2.0/../../../../arm-none-eabi/lib/thumb/v7e-m+fp/hard/libc_nano.a(libc_a-stdio.o) (_write_r)
/usr/lib/gcc/arm-none-eabi/12.2.0/../../../../arm-none-eabi/lib/thumb/v7e-m+fp/hard/libc_nano.a(libc_a-errno.o)
                              ./Core/Src/syscalls.o (__errno)
/usr/lib/gcc/arm-none-eabi/12.2.0/../../../../arm-none-eabi/lib/thumb/v7e-m+fp/hard/libc_nano.a(libc_a-init.o)
                              /usr/lib/gcc/arm-none-eabi/12.2.0/../../../../arm-none-eabi/lib/thumb/v7e-m+fp/hard/crt0.o (__libc_init_array)
/usr/lib/gcc/arm-none-eabi/12.2.0/../../../../arm-none-eabi/lib/thumb/v7e-m+fp/hard/libc_nano.a(libc_a-fini.o)
[...]
Memory Configuration

Name             Origin             Length             Attributes
RAM              0x20000000         0x00020000         xrw
FLASH            0x08000000         0x00080000         xr
*default*        0x00000000         0xffffffff

Linker script and memory map

LOAD /usr/lib/gcc/arm-none-eabi/12.2.0/thumb/v7e-m+fp/hard/crti.o
LOAD /usr/lib/gcc/arm-none-eabi/12.2.0/thumb/v7e-m+fp/hard/crtbegin.o
LOAD /usr/lib/gcc/arm-none-eabi/12.2.0/../../../../arm-none-eabi/lib/thumb/v7e-m+fp/hard/crt0.o
LOAD ./Core/Src/dywapitchtrack.o
LOAD ./Core/Src/main.o
LOAD ./Core/Src/stm32f4xx_hal_msp.o
LOAD ./Core/Src/stm32f4xx_it.o
LOAD ./Core/Src/syscalls.o
LOAD ./Core/Src/sysmem.o
LOAD ./Core/Src/system_stm32f4xx.o
LOAD ./Core/Startup/startup_stm32f446retx.o
LOAD ./Drivers/STM32F4xx_HAL_Driver/Src/stm32f4xx_hal.o
LOAD ./Drivers/STM32F4xx_HAL_Driver/Src/stm32f4xx_hal_cortex.o
LOAD ./Drivers/STM32F4xx_HAL_Driver/Src/stm32f4xx_hal_dma.o
LOAD ./Drivers/STM32F4xx_HAL_Driver/Src/stm32f4xx_hal_dma_ex.o
LOAD ./Drivers/STM32F4xx_HAL_Driver/Src/stm32f4xx_hal_exti.o
LOAD ./Drivers/STM32F4xx_HAL_Driver/Src/stm32f4xx_hal_flash.o
LOAD ./Drivers/STM32F4xx_HAL_Driver/Src/stm32f4xx_hal_flash_ex.o
LOAD ./Drivers/STM32F4xx_HAL_Driver/Src/stm32f4xx_hal_flash_ramfunc.o
LOAD ./Drivers/STM32F4xx_HAL_Driver/Src/stm32f4xx_hal_gpio.o
LOAD ./Drivers/STM32F4xx_HAL_Driver/Src/stm32f4xx_hal_pcd.o
LOAD ./Drivers/STM32F4xx_HAL_Driver/Src/stm32f4xx_hal_pcd_ex.o
LOAD ./Drivers/STM32F4xx_HAL_Driver/Src/stm32f4xx_hal_pwr.o
LOAD ./Drivers/STM32F4xx_HAL_Driver/Src/stm32f4xx_hal_pwr_ex.o
LOAD ./Drivers/STM32F4xx_HAL_Driver/Src/stm32f4xx_hal_rcc.o
LOAD ./Drivers/STM32F4xx_HAL_Driver/Src/stm32f4xx_hal_rcc_ex.o
LOAD ./Drivers/STM32F4xx_HAL_Driver/Src/stm32f4xx_hal_spi.o
LOAD ./Drivers/STM32F4xx_HAL_Driver/Src/stm32f4xx_hal_tim.o
LOAD ./Drivers/STM32F4xx_HAL_Driver/Src/stm32f4xx_hal_tim_ex.o
LOAD ./Drivers/STM32F4xx_HAL_Driver/Src/stm32f4xx_hal_uart.o
LOAD ./Drivers/STM32F4xx_HAL_Driver/Src/stm32f4xx_ll_usb.o
START GROUP
LOAD /usr/lib/gcc/arm-none-eabi/12.2.0/../../../../arm-none-eabi/lib/thumb/v7e-m+fp/hard/libc_nano.a
LOAD /usr/lib/gcc/arm-none-eabi/12.2.0/../../../../arm-none-eabi/lib/thumb/v7e-m+fp/hard/libm.a
END GROUP
START GROUP
LOAD /usr/lib/gcc/arm-none-eabi/12.2.0/thumb/v7e-m+fp/hard/libgcc.a
LOAD /usr/lib/gcc/arm-none-eabi/12.2.0/../../../../arm-none-eabi/lib/thumb/v7e-m+fp/hard/libc_nano.a
END GROUP
START GROUP
LOAD /usr/lib/gcc/arm-none-eabi/12.2.0/thumb/v7e-m+fp/hard/libgcc.a
LOAD /usr/lib/gcc/arm-none-eabi/12.2.0/../../../../arm-none-eabi/lib/thumb/v7e-m+fp/hard/libc_nano.a
LOAD /usr/lib/gcc/arm-none-eabi/12.2.0/../../../../arm-none-eabi/lib/thumb/v7e-m+fp/hard/libnosys.a
END GROUP
START GROUP
LOAD /usr/lib/gcc/arm-none-eabi/12.2.0/thumb/v7e-m+fp/hard/libgcc.a
LOAD /usr/lib/gcc/arm-none-eabi/12.2.0/../../../../arm-none-eabi/lib/thumb/v7e-m+fp/hard/libc_nano.a
LOAD /usr/lib/gcc/arm-none-eabi/12.2.0/../../../../arm-none-eabi/lib/thumb/v7e-m+fp/hard/libnosys.a
END GROUP
LOAD /usr/lib/gcc/arm-none-eabi/12.2.0/thumb/v7e-m+fp/hard/crtend.o
LOAD /usr/lib/gcc/arm-none-eabi/12.2.0/thumb/v7e-m+fp/hard/crtn.o
                0x20020000                        _estack = (ORIGIN (RAM) + LENGTH (RAM))
                0x00000200                        _Min_Heap_Size = 0x200
                0x00000400                        _Min_Stack_Size = 0x400

.isr_vector     0x08000000      0x1c4
                0x08000000                        . = ALIGN (0x4)
 *(.isr_vector)
 .isr_vector    0x08000000      0x1c4 ./Core/Startup/startup_stm32f446retx.o
                0x08000000                g_pfnVectors
                0x080001c4                        . = ALIGN (0x4)

.text           0x080001d0     0x75b8
                0x080001d0                        . = ALIGN (0x4)
 *(.text)
 .text          0x080001d0       0x10 /usr/lib/gcc/arm-none-eabi/12.2.0/../../../../arm-none-eabi/lib/thumb/v7e-m+fp/hard/libc_nano.a(libc_a-strlen.o)
                0x080001d0                strlen
 .text          0x080001e0       0xa0 /usr/lib/gcc/arm-none-eabi/12.2.0/../../../../arm-none-eabi/lib/thumb/v7e-m+fp/hard/libc_nano.a(libc_a-memchr.o)
                0x080001e0                memchr
 .text          0x08000280      0x378 /usr/lib/gcc/arm-none-eabi/12.2.0/thumb/v7e-m+fp/hard/libgcc.a(_arm_addsubdf3.o)
                0x08000280                __aeabi_drsub
                0x08000288                __aeabi_dsub
                0x08000288                __subdf3
                0x0800028c                __adddf3
                0x0800028c                __aeabi_dadd
                0x08000504                __aeabi_ui2d
                0x08000504                __floatunsidf
                0x08000524                __floatsidf
                0x08000524                __aeabi_i2d
                0x08000548                __extendsfdf2
                0x08000548                __aeabi_f2d
                0x0800058c                __aeabi_ul2d
                0x0800058c                __floatundidf
                0x0800059c                __floatdidf
                0x0800059c                __aeabi_l2d
 .text          0x080005f8      0x424 /usr/lib/gcc/arm-none-eabi/12.2.0/thumb/v7e-m+fp/hard/libgcc.a(_arm_muldivdf3.o)
                0x080005f8                __aeabi_dmul
                0x080005f8                __muldf3
                0x0800084c                __aeabi_ddiv
                0x0800084c                __divdf3
 .text          0x08000a1c      0x110 /usr/lib/gcc/arm-none-eabi/12.2.0/thumb/v7e-m+fp/hard/libgcc.a(_arm_cmpdf2.o)
                0x08000a1c                __gtdf2
                0x08000a1c                __gedf2
                0x08000a24                __ltdf2
                0x08000a24                __ledf2
                0x08000a2c                __cmpdf2
                0x08000a2c                __eqdf2
                0x08000a2c                __nedf2
                0x08000aa8                __aeabi_cdrcmple
                0x08000ab8                __aeabi_cdcmple
                0x08000ab8                __aeabi_cdcmpeq
                0x08000ac8                __aeabi_dcmpeq
                0x08000adc                __aeabi_dcmplt
                0x08000af0                __aeabi_dcmple
                0x08000b04                __aeabi_dcmpge
                0x08000b18                __aeabi_dcmpgt
 .text          0x08000b2c       0x50 /usr/lib/gcc/arm-none-eabi/12.2.0/thumb/v7e-m+fp/hard/libgcc.a(_arm_fixdfsi.o)
                0x08000b2c                __fixdfsi
                0x08000b2c                __aeabi_d2iz
 .text          0x08000b7c       0x30 /usr/lib/gcc/arm-none-eabi/12.2.0/thumb/v7e-m+fp/hard/libgcc.a(_aeabi_uldivmod.o)
                0x08000b7c                __aeabi_uldivmod
 .text          0x08000bac        0x4 /usr/lib/gcc/arm-none-eabi/12.2.0/thumb/v7e-m+fp/hard/libgcc.a(_dvmd_tls.o)
                0x08000bac                __aeabi_ldiv0
                0x08000bac                __aeabi_idiv0
 *(.text*)
 .text.__do_global_dtors_aux
                0x08000bb0       0x24 /usr/lib/gcc/arm-none-eabi/12.2.0/thumb/v7e-m+fp/hard/crtbegin.o
 .text.frame_dummy
                0x08000bd4       0x1c /usr/lib/gcc/arm-none-eabi/12.2.0/thumb/v7e-m+fp/hard/crtbegin.o
 .text._power2p
                0x08000bf0       0x3e ./Core/Src/dywapitchtrack.o
                0x08000bf0                _power2p
 .text._bitcount
                0x08000c2e       0x3c ./Core/Src/dywapitchtrack.o
                0x08000c2e                _bitcount
 .text._ceil_power2
                0x08000c6a       0x52 ./Core/Src/dywapitchtrack.o
                0x08000c6a                _ceil_power2
 .text._floor_power2
                0x08000cbc       0x2e ./Core/Src/dywapitchtrack.o
                0x08000cbc                _floor_power2
 .text._iabs    0x08000cea       0x22 ./Core/Src/dywapitchtrack.o
                0x08000cea                _iabs
 .text._2power  0x08000d0c       0x34 ./Core/Src/dywapitchtrack.o
                0x08000d0c                _2power
 .text._dywapitch_computeWaveletPitch
                0x08000d40      0x90c ./Core/Src/dywapitchtrack.o
                0x08000d40                _dywapitch_computeWaveletPitch
 *fill*         0x0800164c        0x4 
 .text._dywapitch_dynamicprocess
                0x08001650      0x324 ./Core/Src/dywapitchtrack.o
                0x08001650                _dywapitch_dynamicprocess
 .text.dywapitch_inittracking
                0x08001974       0x2c ./Core/Src/dywapitchtrack.o
                0x08001974                dywapitch_inittracking
 .text.dywapitch_computepitch
                0x080019a0       0x3c ./Core/Src/dywapitchtrack.o
                0x080019a0                dywapitch_computepitch
 .text.HAL_SPI_RxHalfCpltCallback
                0x080019dc       0x50 ./Core/Src/main.o
                0x080019dc                HAL_SPI_RxHalfCpltCallback
 .text.HAL_SPI_RxCpltCallback
                0x08001a2c       0x54 ./Core/Src/main.o
                0x08001a2c                HAL_SPI_RxCpltCallback
 .text.absd     0x08001a80       0x4e ./Core/Src/main.o
                0x08001a80                absd
 *fill*         0x08001ace        0x2 
 .text.run_conversion
                0x08001ad0      0x214 ./Core/Src/main.o
                0x08001ad0                run_conversion
 .text.main     0x08001ce4       0x54 ./Core/Src/main.o
                0x08001ce4                main
 .text.SystemClock_Config
                0x08001d38       0xd8 ./Core/Src/main.o
                0x08001d38                SystemClock_Config
 .text.MX_SPI1_Init
                0x08001e10       0x68 ./Core/Src/main.o
 .text.MX_TIM3_Init
                0x08001e78       0xf0 ./Core/Src/main.o
 .text.MX_USART2_UART_Init
                0x08001f68       0x54 ./Core/Src/main.o
 .text.MX_USB_OTG_FS_PCD_Init
                0x08001fbc       0x5c ./Core/Src/main.o
 .text.MX_DMA_Init
                0x08002018       0x40 ./Core/Src/main.o
 .text.MX_GPIO_Init
                0x08002058       0xcc ./Core/Src/main.o
 .text.Error_Handler
                0x08002124        0xc ./Core/Src/main.o
                0x08002124                Error_Handler
 .text.HAL_MspInit
                0x08002130       0x50 ./Core/Src/stm32f4xx_hal_msp.o
                0x08002130                HAL_MspInit
 .text.HAL_SPI_MspInit
                0x08002180       0xf8 ./Core/Src/stm32f4xx_hal_msp.o
                0x08002180                HAL_SPI_MspInit
 .text.HAL_TIM_Base_MspInit
                0x08002278       0x44 ./Core/Src/stm32f4xx_hal_msp.o
                0x08002278                HAL_TIM_Base_MspInit
 .text.HAL_TIM_MspPostInit
                0x080022bc       0x74 ./Core/Src/stm32f4xx_hal_msp.o
                0x080022bc                HAL_TIM_MspPostInit
 .text.HAL_UART_MspInit
                0x08002330       0x90 ./Core/Src/stm32f4xx_hal_msp.o
                0x08002330                HAL_UART_MspInit
 .text.HAL_PCD_MspInit
                0x080023c0       0xc4 ./Core/Src/stm32f4xx_hal_msp.o
                0x080023c0                HAL_PCD_MspInit
 .text.NMI_Handler
                0x08002484        0x8 ./Core/Src/stm32f4xx_it.o
                0x08002484                NMI_Handler
 .text.HardFault_Handler
                0x0800248c        0x8 ./Core/Src/stm32f4xx_it.o
                0x0800248c                HardFault_Handler
 .text.MemManage_Handler
                0x08002494        0x8 ./Core/Src/stm32f4xx_it.o
                0x08002494                MemManage_Handler
 .text.BusFault_Handler
                0x0800249c        0x8 ./Core/Src/stm32f4xx_it.o
                0x0800249c                BusFault_Handler
 .text.UsageFault_Handler
                0x080024a4        0x8 ./Core/Src/stm32f4xx_it.o
                0x080024a4                UsageFault_Handler
 .text.SVC_Handler
                0x080024ac        0xe ./Core/Src/stm32f4xx_it.o
                0x080024ac                SVC_Handler
 .text.DebugMon_Handler
                0x080024ba        0xe ./Core/Src/stm32f4xx_it.o
                0x080024ba                DebugMon_Handler
 .text.PendSV_Handler
                0x080024c8        0xe ./Core/Src/stm32f4xx_it.o
                0x080024c8                PendSV_Handler
 .text.SysTick_Handler
                0x080024d6        0xc ./Core/Src/stm32f4xx_it.o
                0x080024d6                SysTick_Handler
 *fill*         0x080024e2        0x2 
 .text.DMA2_Stream0_IRQHandler
                0x080024e4       0x14 ./Core/Src/stm32f4xx_it.o
                0x080024e4                DMA2_Stream0_IRQHandler
 .text._sbrk    0x080024f8       0x6c ./Core/Src/sysmem.o
                0x080024f8                _sbrk
 .text.SystemInit
                0x08002564       0x24 ./Core/Src/system_stm32f4xx.o
                0x08002564                SystemInit
 .text.Reset_Handler
                0x08002588       0x50 ./Core/Startup/startup_stm32f446retx.o
                0x08002588                Reset_Handler
 .text.Default_Handler
                0x080025d8        0x2 ./Core/Startup/startup_stm32f446retx.o
                0x080025d8                RTC_Alarm_IRQHandler
                0x080025d8                EXTI2_IRQHandler
                0x080025d8                TIM8_CC_IRQHandler
                0x080025d8                FMPI2C1_EV_IRQHandler
                0x080025d8                SPI4_IRQHandler
                0x080025d8                TIM1_CC_IRQHandler
                0x080025d8                DMA2_Stream5_IRQHandler
                0x080025d8                DMA1_Stream5_IRQHandler
                0x080025d8                PVD_IRQHandler
                0x080025d8                SDIO_IRQHandler
                0x080025d8                TAMP_STAMP_IRQHandler
                0x080025d8                CAN2_RX1_IRQHandler
                0x080025d8                EXTI3_IRQHandler
                0x080025d8                TIM8_TRG_COM_TIM14_IRQHandler
                0x080025d8                TIM1_UP_TIM10_IRQHandler
                0x080025d8                TIM8_UP_TIM13_IRQHandler
                0x080025d8                I2C3_ER_IRQHandler
                0x080025d8                EXTI0_IRQHandler
                0x080025d8                I2C2_EV_IRQHandler
                0x080025d8                DMA1_Stream2_IRQHandler
                0x080025d8                CAN1_RX0_IRQHandler
                0x080025d8                FPU_IRQHandler
                0x080025d8                OTG_HS_WKUP_IRQHandler
                0x080025d8                CAN2_SCE_IRQHandler
                0x080025d8                DMA2_Stream2_IRQHandler
                0x080025d8                SPI1_IRQHandler
                0x080025d8                TIM6_DAC_IRQHandler
                0x080025d8                TIM1_BRK_TIM9_IRQHandler
                0x080025d8                DCMI_IRQHandler
                0x080025d8                CAN2_RX0_IRQHandler
                0x080025d8                DMA2_Stream3_IRQHandler
                0x080025d8                SAI2_IRQHandler
                0x080025d8                USART6_IRQHandler
                0x080025d8                USART3_IRQHandler
                0x080025d8                CAN1_RX1_IRQHandler
                0x080025d8                UART5_IRQHandler
                0x080025d8                TIM4_IRQHandler
                0x080025d8                QUADSPI_IRQHandler
                0x080025d8                I2C1_EV_IRQHandler
                0x080025d8                DMA1_Stream6_IRQHandler
                0x080025d8                DMA1_Stream1_IRQHandler
                0x080025d8                UART4_IRQHandler
                0x080025d8                TIM3_IRQHandler
                0x080025d8                RCC_IRQHandler
                0x080025d8                TIM8_BRK_TIM12_IRQHandler
                0x080025d8                Default_Handler
                0x080025d8                CEC_IRQHandler
                0x080025d8                EXTI15_10_IRQHandler
                0x080025d8                ADC_IRQHandler
                0x080025d8                DMA1_Stream7_IRQHandler
                0x080025d8                TIM7_IRQHandler
                0x080025d8                CAN2_TX_IRQHandler
                0x080025d8                TIM5_IRQHandler
                0x080025d8                DMA2_Stream7_IRQHandler
                0x080025d8                I2C3_EV_IRQHandler
                0x080025d8                EXTI9_5_IRQHandler
                0x080025d8                RTC_WKUP_IRQHandler
                0x080025d8                SPDIF_RX_IRQHandler
                0x080025d8                SPI2_IRQHandler
                0x080025d8                OTG_HS_EP1_IN_IRQHandler
                0x080025d8                DMA1_Stream0_IRQHandler
                0x080025d8                CAN1_TX_IRQHandler
                0x080025d8                FMPI2C1_ER_IRQHandler
                0x080025d8                EXTI4_IRQHandler
                0x080025d8                OTG_HS_EP1_OUT_IRQHandler
                0x080025d8                WWDG_IRQHandler
                0x080025d8                TIM2_IRQHandler
                0x080025d8                OTG_FS_WKUP_IRQHandler
                0x080025d8                TIM1_TRG_COM_TIM11_IRQHandler
                0x080025d8                OTG_HS_IRQHandler
                0x080025d8                EXTI1_IRQHandler
                0x080025d8                USART2_IRQHandler
                0x080025d8                I2C2_ER_IRQHandler
                0x080025d8                DMA2_Stream1_IRQHandler
                0x080025d8                CAN1_SCE_IRQHandler
                0x080025d8                FLASH_IRQHandler
                0x080025d8                DMA2_Stream4_IRQHandler
                0x080025d8                USART1_IRQHandler
                0x080025d8                OTG_FS_IRQHandler
                0x080025d8                SPI3_IRQHandler
                0x080025d8                DMA1_Stream4_IRQHandler
                0x080025d8                I2C1_ER_IRQHandler
                0x080025d8                FMC_IRQHandler
                0x080025d8                DMA2_Stream6_IRQHandler
                0x080025d8                SAI1_IRQHandler
                0x080025d8                DMA1_Stream3_IRQHandler
 *fill*         0x080025da        0x2 
 .text.HAL_Init
                0x080025dc       0x44 ./Drivers/STM32F4xx_HAL_Driver/Src/stm32f4xx_hal.o
                0x080025dc                HAL_Init
 .text.HAL_InitTick
                0x08002620       0x60 ./Drivers/STM32F4xx_HAL_Driver/Src/stm32f4xx_hal.o
                0x08002620                HAL_InitTick
 .text.HAL_IncTick
                0x08002680       0x28 ./Drivers/STM32F4xx_HAL_Driver/Src/stm32f4xx_hal.o
                0x08002680                HAL_IncTick
 .text.HAL_GetTick
                0x080026a8       0x18 ./Drivers/STM32F4xx_HAL_Driver/Src/stm32f4xx_hal.o
                0x080026a8                HAL_GetTick
 .text.HAL_Delay
                0x080026c0       0x48 ./Drivers/STM32F4xx_HAL_Driver/Src/stm32f4xx_hal.o
                0x080026c0                HAL_Delay
 .text.__NVIC_SetPriorityGrouping
                0x08002708       0x48 ./Drivers/STM32F4xx_HAL_Driver/Src/stm32f4xx_hal_cortex.o
 .text.__NVIC_GetPriorityGrouping
                0x08002750       0x1c ./Drivers/STM32F4xx_HAL_Driver/Src/stm32f4xx_hal_cortex.o
 .text.__NVIC_EnableIRQ
                0x0800276c       0x3c ./Drivers/STM32F4xx_HAL_Driver/Src/stm32f4xx_hal_cortex.o
 .text.__NVIC_SetPriority
                0x080027a8       0x54 ./Drivers/STM32F4xx_HAL_Driver/Src/stm32f4xx_hal_cortex.o
 .text.NVIC_EncodePriority
                0x080027fc       0x66 ./Drivers/STM32F4xx_HAL_Driver/Src/stm32f4xx_hal_cortex.o
 *fill*         0x08002862        0x2 
 .text.SysTick_Config
                0x08002864       0x44 ./Drivers/STM32F4xx_HAL_Driver/Src/stm32f4xx_hal_cortex.o
 .text.HAL_NVIC_SetPriorityGrouping
                0x080028a8       0x16 ./Drivers/STM32F4xx_HAL_Driver/Src/stm32f4xx_hal_cortex.o
                0x080028a8                HAL_NVIC_SetPriorityGrouping
 .text.HAL_NVIC_SetPriority
                0x080028be       0x38 ./Drivers/STM32F4xx_HAL_Driver/Src/stm32f4xx_hal_cortex.o
                0x080028be                HAL_NVIC_SetPriority
 .text.HAL_NVIC_EnableIRQ
                0x080028f6       0x1c ./Drivers/STM32F4xx_HAL_Driver/Src/stm32f4xx_hal_cortex.o
                0x080028f6                HAL_NVIC_EnableIRQ
 .text.HAL_SYSTICK_Config
                0x08002912       0x18 ./Drivers/STM32F4xx_HAL_Driver/Src/stm32f4xx_hal_cortex.o
                0x08002912                HAL_SYSTICK_Config
 *fill*         0x0800292a        0x2 
 .text.HAL_DMA_Init
                0x0800292c      0x15c ./Drivers/STM32F4xx_HAL_Driver/Src/stm32f4xx_hal_dma.o
                0x0800292c                HAL_DMA_Init
 .text.HAL_DMA_Start_IT
                0x08002a88       0xb0 ./Drivers/STM32F4xx_HAL_Driver/Src/stm32f4xx_hal_dma.o
                0x08002a88                HAL_DMA_Start_IT
 .text.HAL_DMA_IRQHandler
                0x08002b38      0x314 ./Drivers/STM32F4xx_HAL_Driver/Src/stm32f4xx_hal_dma.o
                0x08002b38                HAL_DMA_IRQHandler
 .text.DMA_SetConfig
                0x08002e4c       0x5c ./Drivers/STM32F4xx_HAL_Driver/Src/stm32f4xx_hal_dma.o
 .text.DMA_CalcBaseAndBitshift
                0x08002ea8       0x6c ./Drivers/STM32F4xx_HAL_Driver/Src/stm32f4xx_hal_dma.o
 .text.DMA_CheckFifoParam
                0x08002f14       0xf8 ./Drivers/STM32F4xx_HAL_Driver/Src/stm32f4xx_hal_dma.o
 .text.HAL_GPIO_Init
                0x0800300c      0x328 ./Drivers/STM32F4xx_HAL_Driver/Src/stm32f4xx_hal_gpio.o
                0x0800300c                HAL_GPIO_Init
 .text.HAL_PCD_Init
                0x08003334      0x248 ./Drivers/STM32F4xx_HAL_Driver/Src/stm32f4xx_hal_pcd.o
                0x08003334                HAL_PCD_Init
 .text.HAL_PCDEx_ActivateLPM
                0x0800357c       0x48 ./Drivers/STM32F4xx_HAL_Driver/Src/stm32f4xx_hal_pcd_ex.o
                0x0800357c                HAL_PCDEx_ActivateLPM
 .text.HAL_RCC_ClockConfig
                0x080035c4      0x1cc ./Drivers/STM32F4xx_HAL_Driver/Src/stm32f4xx_hal_rcc.o
                0x080035c4                HAL_RCC_ClockConfig
 .text.HAL_RCC_GetHCLKFreq
                0x08003790       0x18 ./Drivers/STM32F4xx_HAL_Driver/Src/stm32f4xx_hal_rcc.o
                0x08003790                HAL_RCC_GetHCLKFreq
 .text.HAL_RCC_GetPCLK1Freq
                0x080037a8       0x28 ./Drivers/STM32F4xx_HAL_Driver/Src/stm32f4xx_hal_rcc.o
                0x080037a8                HAL_RCC_GetPCLK1Freq
 .text.HAL_RCC_GetPCLK2Freq
                0x080037d0       0x28 ./Drivers/STM32F4xx_HAL_Driver/Src/stm32f4xx_hal_rcc.o
                0x080037d0                HAL_RCC_GetPCLK2Freq
 .text.HAL_RCCEx_PeriphCLKConfig
                0x080037f8      0x654 ./Drivers/STM32F4xx_HAL_Driver/Src/stm32f4xx_hal_rcc_ex.o
                0x080037f8                HAL_RCCEx_PeriphCLKConfig
 .text.HAL_RCC_GetSysClockFreq
                0x08003e4c      0x460 ./Drivers/STM32F4xx_HAL_Driver/Src/stm32f4xx_hal_rcc_ex.o
                0x08003e4c                HAL_RCC_GetSysClockFreq
 .text.HAL_RCC_OscConfig
                0x080042ac      0x53c ./Drivers/STM32F4xx_HAL_Driver/Src/stm32f4xx_hal_rcc_ex.o
                0x080042ac                HAL_RCC_OscConfig
 .text.HAL_SPI_Init
                0x080047e8      0x112 ./Drivers/STM32F4xx_HAL_Driver/Src/stm32f4xx_hal_spi.o
                0x080047e8                HAL_SPI_Init
 *fill*         0x080048fa        0x2 
 .text.HAL_SPI_Receive_DMA
                0x080048fc      0x190 ./Drivers/STM32F4xx_HAL_Driver/Src/stm32f4xx_hal_spi.o
                0x080048fc                HAL_SPI_Receive_DMA
 .text.HAL_SPI_TransmitReceive_DMA
                0x08004a8c      0x204 ./Drivers/STM32F4xx_HAL_Driver/Src/stm32f4xx_hal_spi.o
                0x08004a8c                HAL_SPI_TransmitReceive_DMA
 .text.HAL_SPI_TxRxCpltCallback
                0x08004c90       0x14 ./Drivers/STM32F4xx_HAL_Driver/Src/stm32f4xx_hal_spi.o
                0x08004c90                HAL_SPI_TxRxCpltCallback
 .text.HAL_SPI_TxRxHalfCpltCallback
                0x08004ca4       0x14 ./Drivers/STM32F4xx_HAL_Driver/Src/stm32f4xx_hal_spi.o
                0x08004ca4                HAL_SPI_TxRxHalfCpltCallback
 .text.HAL_SPI_ErrorCallback
                0x08004cb8       0x14 ./Drivers/STM32F4xx_HAL_Driver/Src/stm32f4xx_hal_spi.o
                0x08004cb8                HAL_SPI_ErrorCallback
 .text.SPI_DMAReceiveCplt
                0x08004ccc       0xa8 ./Drivers/STM32F4xx_HAL_Driver/Src/stm32f4xx_hal_spi.o
 .text.SPI_DMATransmitReceiveCplt
                0x08004d74       0x90 ./Drivers/STM32F4xx_HAL_Driver/Src/stm32f4xx_hal_spi.o
 .text.SPI_DMAHalfReceiveCplt
                0x08004e04       0x1c ./Drivers/STM32F4xx_HAL_Driver/Src/stm32f4xx_hal_spi.o
 .text.SPI_DMAHalfTransmitReceiveCplt
                0x08004e20       0x1c ./Drivers/STM32F4xx_HAL_Driver/Src/stm32f4xx_hal_spi.o
 .text.SPI_DMAError
                0x08004e3c       0x40 ./Drivers/STM32F4xx_HAL_Driver/Src/stm32f4xx_hal_spi.o
 .text.SPI_WaitFlagStateUntilTimeout
                0x08004e7c      0x110 ./Drivers/STM32F4xx_HAL_Driver/Src/stm32f4xx_hal_spi.o
 .text.SPI_EndRxTransaction
                0x08004f8c       0xca ./Drivers/STM32F4xx_HAL_Driver/Src/stm32f4xx_hal_spi.o
 *fill*         0x08005056        0x2 
 .text.SPI_EndRxTxTransaction
                0x08005058       0x84 ./Drivers/STM32F4xx_HAL_Driver/Src/stm32f4xx_hal_spi.o
 .text.HAL_TIM_Base_Init
                0x080050dc       0x9e ./Drivers/STM32F4xx_HAL_Driver/Src/stm32f4xx_hal_tim.o
                0x080050dc                HAL_TIM_Base_Init
 .text.HAL_TIM_PWM_Init
                0x0800517a       0x9e ./Drivers/STM32F4xx_HAL_Driver/Src/stm32f4xx_hal_tim.o
                0x0800517a                HAL_TIM_PWM_Init
 .text.HAL_TIM_PWM_MspInit
                0x08005218       0x14 ./Drivers/STM32F4xx_HAL_Driver/Src/stm32f4xx_hal_tim.o
                0x08005218                HAL_TIM_PWM_MspInit
 .text.HAL_TIM_PWM_Start
                0x0800522c      0x190 ./Drivers/STM32F4xx_HAL_Driver/Src/stm32f4xx_hal_tim.o
                0x0800522c                HAL_TIM_PWM_Start
 .text.HAL_TIM_PWM_ConfigChannel
                0x080053bc      0x184 ./Drivers/STM32F4xx_HAL_Driver/Src/stm32f4xx_hal_tim.o
                0x080053bc                HAL_TIM_PWM_ConfigChannel
 .text.HAL_TIM_ConfigClockSource
                0x08005540      0x18e ./Drivers/STM32F4xx_HAL_Driver/Src/stm32f4xx_hal_tim.o
                0x08005540                HAL_TIM_ConfigClockSource
 *fill*         0x080056ce        0x2 
 .text.TIM_Base_SetConfig
                0x080056d0      0x140 ./Drivers/STM32F4xx_HAL_Driver/Src/stm32f4xx_hal_tim.o
                0x080056d0                TIM_Base_SetConfig
 .text.TIM_OC1_SetConfig
                0x08005810       0xe0 ./Drivers/STM32F4xx_HAL_Driver/Src/stm32f4xx_hal_tim.o
 .text.TIM_OC2_SetConfig
                0x080058f0       0xec ./Drivers/STM32F4xx_HAL_Driver/Src/stm32f4xx_hal_tim.o
                0x080058f0                TIM_OC2_SetConfig
 .text.TIM_OC3_SetConfig
                0x080059dc       0xe8 ./Drivers/STM32F4xx_HAL_Driver/Src/stm32f4xx_hal_tim.o
 .text.TIM_OC4_SetConfig
                0x08005ac4       0xac ./Drivers/STM32F4xx_HAL_Driver/Src/stm32f4xx_hal_tim.o
 .text.TIM_TI1_ConfigInputStage
                0x08005b70       0x5e ./Drivers/STM32F4xx_HAL_Driver/Src/stm32f4xx_hal_tim.o
 .text.TIM_TI2_ConfigInputStage
                0x08005bce       0x60 ./Drivers/STM32F4xx_HAL_Driver/Src/stm32f4xx_hal_tim.o
 .text.TIM_ITRx_SetConfig
                0x08005c2e       0x36 ./Drivers/STM32F4xx_HAL_Driver/Src/stm32f4xx_hal_tim.o
 .text.TIM_ETR_SetConfig
                0x08005c64       0x40 ./Drivers/STM32F4xx_HAL_Driver/Src/stm32f4xx_hal_tim.o
                0x08005c64                TIM_ETR_SetConfig
 .text.TIM_CCxChannelCmd
                0x08005ca4       0x4a ./Drivers/STM32F4xx_HAL_Driver/Src/stm32f4xx_hal_tim.o
                0x08005ca4                TIM_CCxChannelCmd
 *fill*         0x08005cee        0x2 
 .text.HAL_TIMEx_MasterConfigSynchronization
                0x08005cf0       0xf8 ./Drivers/STM32F4xx_HAL_Driver/Src/stm32f4xx_hal_tim_ex.o
                0x08005cf0                HAL_TIMEx_MasterConfigSynchronization
 .text.HAL_UART_Init
                0x08005de8       0x9a ./Drivers/STM32F4xx_HAL_Driver/Src/stm32f4xx_hal_uart.o
                0x08005de8                HAL_UART_Init
 .text.HAL_UART_Transmit
                0x08005e82      0x124 ./Drivers/STM32F4xx_HAL_Driver/Src/stm32f4xx_hal_uart.o
                0x08005e82                HAL_UART_Transmit
 .text.UART_WaitOnFlagUntilTimeout
                0x08005fa6       0xdc ./Drivers/STM32F4xx_HAL_Driver/Src/stm32f4xx_hal_uart.o
 *fill*         0x08006082        0x2 
 .text.UART_SetConfig
                0x08006084      0x4e8 ./Drivers/STM32F4xx_HAL_Driver/Src/stm32f4xx_hal_uart.o
 .text.USB_CoreInit
                0x0800656c       0xc2 ./Drivers/STM32F4xx_HAL_Driver/Src/stm32f4xx_ll_usb.o
                0x0800656c                USB_CoreInit
 .text.USB_DisableGlobalInt
                0x0800662e       0x22 ./Drivers/STM32F4xx_HAL_Driver/Src/stm32f4xx_ll_usb.o
                0x0800662e                USB_DisableGlobalInt
 .text.USB_SetCurrentMode
                0x08006650       0x98 ./Drivers/STM32F4xx_HAL_Driver/Src/stm32f4xx_ll_usb.o
                0x08006650                USB_SetCurrentMode
 .text.USB_DevInit
                0x080066e8      0x2bc ./Drivers/STM32F4xx_HAL_Driver/Src/stm32f4xx_ll_usb.o
                0x080066e8                USB_DevInit
 .text.USB_FlushTxFifo
                0x080069a4       0x68 ./Drivers/STM32F4xx_HAL_Driver/Src/stm32f4xx_ll_usb.o
                0x080069a4                USB_FlushTxFifo
 .text.USB_FlushRxFifo
                0x08006a0c       0x60 ./Drivers/STM32F4xx_HAL_Driver/Src/stm32f4xx_ll_usb.o
                0x08006a0c                USB_FlushRxFifo
 .text.USB_SetDevSpeed
                0x08006a6c       0x32 ./Drivers/STM32F4xx_HAL_Driver/Src/stm32f4xx_ll_usb.o
                0x08006a6c                USB_SetDevSpeed
 .text.USB_DevDisconnect
                0x08006a9e       0x42 ./Drivers/STM32F4xx_HAL_Driver/Src/stm32f4xx_ll_usb.o
                0x08006a9e                USB_DevDisconnect
 .text.USB_GetMode
                0x08006ae0       0x1c ./Drivers/STM32F4xx_HAL_Driver/Src/stm32f4xx_ll_usb.o
                0x08006ae0                USB_GetMode
 .text.USB_CoreReset
                0x08006afc       0x68 ./Drivers/STM32F4xx_HAL_Driver/Src/stm32f4xx_ll_usb.o
 .text.malloc   0x08006b64       0x10 /usr/lib/gcc/arm-none-eabi/12.2.0/../../../../arm-none-eabi/lib/thumb/v7e-m+fp/hard/libc_nano.a(libc_a-malloc.o)
                0x08006b64                malloc
 .text.free     0x08006b74       0x10 /usr/lib/gcc/arm-none-eabi/12.2.0/../../../../arm-none-eabi/lib/thumb/v7e-m+fp/hard/libc_nano.a(libc_a-malloc.o)
                0x08006b74                free
 .text.sbrk_aligned
                0x08006b84       0x44 /usr/lib/gcc/arm-none-eabi/12.2.0/../../../../arm-none-eabi/lib/thumb/v7e-m+fp/hard/libc_nano.a(libc_a-mallocr.o)
 .text._malloc_r
                0x08006bc8       0xf0 /usr/lib/gcc/arm-none-eabi/12.2.0/../../../../arm-none-eabi/lib/thumb/v7e-m+fp/hard/libc_nano.a(libc_a-mallocr.o)
                0x08006bc8                _malloc_r
 .text.__malloc_lock
                0x08006cb8        0xc /usr/lib/gcc/arm-none-eabi/12.2.0/../../../../arm-none-eabi/lib/thumb/v7e-m+fp/hard/libc_nano.a(libc_a-mlock.o)
                0x08006cb8                __malloc_lock
 .text.__malloc_unlock
                0x08006cc4        0xc /usr/lib/gcc/arm-none-eabi/12.2.0/../../../../arm-none-eabi/lib/thumb/v7e-m+fp/hard/libc_nano.a(libc_a-mlock.o)
                0x08006cc4                __malloc_unlock
 .text.sprintf  0x08006cd0       0x40 /usr/lib/gcc/arm-none-eabi/12.2.0/../../../../arm-none-eabi/lib/thumb/v7e-m+fp/hard/libc_nano.a(libc_a-sprintf.o)
                0x08006cd0                sprintf
                0x08006cd0                siprintf
 .text.memset   0x08006d10       0x10 /usr/lib/gcc/arm-none-eabi/12.2.0/../../../../arm-none-eabi/lib/thumb/v7e-m+fp/hard/libc_nano.a(libc_a-memset.o)
                0x08006d10                memset
 .text._sbrk_r  0x08006d20       0x20 /usr/lib/gcc/arm-none-eabi/12.2.0/../../../../arm-none-eabi/lib/thumb/v7e-m+fp/hard/libc_nano.a(libc_a-sbrkr.o)
                0x08006d20                _sbrk_r
 .text.__errno  0x08006d40        0xc /usr/lib/gcc/arm-none-eabi/12.2.0/../../../../arm-none-eabi/lib/thumb/v7e-m+fp/hard/libc_nano.a(libc_a-errno.o)
                0x08006d40                __errno
 .text.__libc_init_array
                0x08006d4c       0x48 /usr/lib/gcc/arm-none-eabi/12.2.0/../../../../arm-none-eabi/lib/thumb/v7e-m+fp/hard/libc_nano.a(libc_a-init.o)
                0x08006d4c                __libc_init_array
 .text.__retarget_lock_acquire_recursive
                0x08006d94        0x2 /usr/lib/gcc/arm-none-eabi/12.2.0/../../../../arm-none-eabi/lib/thumb/v7e-m+fp/hard/libc_nano.a(libc_a-lock.o)
                0x08006d94                __retarget_lock_acquire_recursive
 .text.__retarget_lock_release_recursive
                0x08006d96        0x2 /usr/lib/gcc/arm-none-eabi/12.2.0/../../../../arm-none-eabi/lib/thumb/v7e-m+fp/hard/libc_nano.a(libc_a-lock.o)
                0x08006d96                __retarget_lock_release_recursive
 .text.memcpy   0x08006d98       0x1c /usr/lib/gcc/arm-none-eabi/12.2.0/../../../../arm-none-eabi/lib/thumb/v7e-m+fp/hard/libc_nano.a(libc_a-memcpy-stub.o)
                0x08006d98                memcpy
 .text._free_r  0x08006db4       0x94 /usr/lib/gcc/arm-none-eabi/12.2.0/../../../../arm-none-eabi/lib/thumb/v7e-m+fp/hard/libc_nano.a(libc_a-freer.o)
                0x08006db4                _free_r
 .text.__ssputs_r
                0x08006e48       0xb6 /usr/lib/gcc/arm-none-eabi/12.2.0/../../../../arm-none-eabi/lib/thumb/v7e-m+fp/hard/libc_nano.a(libc_a-nano-svfprintf.o)
                0x08006e48                __ssputs_r
 *fill*         0x08006efe        0x2 
 .text._svfprintf_r
                0x08006f00      0x1f8 /usr/lib/gcc/arm-none-eabi/12.2.0/../../../../arm-none-eabi/lib/thumb/v7e-m+fp/hard/libc_nano.a(libc_a-nano-svfprintf.o)
                0x08006f00                _svfprintf_r
                0x08006f00                _svfiprintf_r
 .text._printf_common
                0x080070f8       0xda /usr/lib/gcc/arm-none-eabi/12.2.0/../../../../arm-none-eabi/lib/thumb/v7e-m+fp/hard/libc_nano.a(libc_a-nano-vfprintf_i.o)
                0x080070f8                _printf_common
 *fill*         0x080071d2        0x2 
 .text._printf_i
                0x080071d4      0x25c /usr/lib/gcc/arm-none-eabi/12.2.0/../../../../arm-none-eabi/lib/thumb/v7e-m+fp/hard/libc_nano.a(libc_a-nano-vfprintf_i.o)
                0x080071d4                _printf_i
 .text.memmove  0x08007430       0x34 /usr/lib/gcc/arm-none-eabi/12.2.0/../../../../arm-none-eabi/lib/thumb/v7e-m+fp/hard/libc_nano.a(libc_a-memmove.o)
                0x08007430                memmove
 .text._realloc_r
                0x08007464       0x5c /usr/lib/gcc/arm-none-eabi/12.2.0/../../../../arm-none-eabi/lib/thumb/v7e-m+fp/hard/libc_nano.a(libc_a-reallocr.o)
                0x08007464                _realloc_r
 .text._malloc_usable_size_r
                0x080074c0       0x10 /usr/lib/gcc/arm-none-eabi/12.2.0/../../../../arm-none-eabi/lib/thumb/v7e-m+fp/hard/libc_nano.a(libc_a-msizer.o)
                0x080074c0                _malloc_usable_size_r
 .text.__udivmoddi4
                0x080074d0      0x2a0 /usr/lib/gcc/arm-none-eabi/12.2.0/thumb/v7e-m+fp/hard/libgcc.a(_udivmoddi4.o)
                0x080074d0                __udivmoddi4
 *(.glue_7)
 .glue_7        0x08007770        0x0 linker stubs
 *(.glue_7t)
 .glue_7t       0x08007770        0x0 linker stubs
 *(.eh_frame)
 .eh_frame      0x08007770        0x0 /usr/lib/gcc/arm-none-eabi/12.2.0/thumb/v7e-m+fp/hard/crtbegin.o
 *(.init)
 .init          0x08007770        0x4 /usr/lib/gcc/arm-none-eabi/12.2.0/thumb/v7e-m+fp/hard/crti.o
                0x08007770                _init
 .init          0x08007774        0x8 /usr/lib/gcc/arm-none-eabi/12.2.0/thumb/v7e-m+fp/hard/crtn.o
 *(.fini)
 .fini          0x0800777c        0x4 /usr/lib/gcc/arm-none-eabi/12.2.0/thumb/v7e-m+fp/hard/crti.o
                0x0800777c                _fini
 .fini          0x08007780        0x8 /usr/lib/gcc/arm-none-eabi/12.2.0/thumb/v7e-m+fp/hard/crtn.o
                0x08007788                        . = ALIGN (0x4)
                0x08007788                        _etext = .

.vfp11_veneer   0x08007788        0x0
 .vfp11_veneer  0x08007788        0x0 linker stubs

.v4_bx          0x08007788        0x0
 .v4_bx         0x08007788        0x0 linker stubs

.iplt           0x08007788        0x0
 .iplt          0x08007788        0x0 /usr/lib/gcc/arm-none-eabi/12.2.0/thumb/v7e-m+fp/hard/crtbegin.o

.rodata         0x08007788       0x74
                0x08007788                        . = ALIGN (0x4)
 *(.rodata)
 .rodata        0x08007788       0x1e ./Core/Src/main.o
 *(.rodata*)
 *fill*         0x080077a6        0x2 
 .rodata.AHBPrescTable
                0x080077a8       0x10 ./Core/Src/system_stm32f4xx.o
                0x080077a8                AHBPrescTable
 .rodata.APBPrescTable
                0x080077b8        0x8 ./Core/Src/system_stm32f4xx.o
                0x080077b8                APBPrescTable
 .rodata.flagBitshiftOffset.0
                0x080077c0        0x8 ./Drivers/STM32F4xx_HAL_Driver/Src/stm32f4xx_hal_dma.o
 .rodata._svfprintf_r.str1.1
                0x080077c8       0x11 /usr/lib/gcc/arm-none-eabi/12.2.0/../../../../arm-none-eabi/lib/thumb/v7e-m+fp/hard/libc_nano.a(libc_a-nano-svfprintf.o)
 .rodata._printf_i.str1.1
                0x080077d9       0x22 /usr/lib/gcc/arm-none-eabi/12.2.0/../../../../arm-none-eabi/lib/thumb/v7e-m+fp/hard/libc_nano.a(libc_a-nano-vfprintf_i.o)
                0x080077fc                        . = ALIGN (0x4)
 *fill*         0x080077fb        0x1 

.ARM.extab      0x080077fc        0x0
                0x080077fc                        . = ALIGN (0x4)
 *(.ARM.extab* .gnu.linkonce.armextab.*)
                0x080077fc                        . = ALIGN (0x4)

.ARM            0x080077fc        0x8
                0x080077fc                        . = ALIGN (0x4)
                0x080077fc                        __exidx_start = .
 *(.ARM.exidx*)
 .ARM.exidx     0x080077fc        0x8 /usr/lib/gcc/arm-none-eabi/12.2.0/../../../../arm-none-eabi/lib/thumb/v7e-m+fp/hard/libc_nano.a(libc_a-strlen.o)
 .ARM.exidx     0x08007804        0x0 /usr/lib/gcc/arm-none-eabi/12.2.0/../../../../arm-none-eabi/lib/thumb/v7e-m+fp/hard/libc_nano.a(libc_a-memchr.o)
                                  0x8 (size before relaxing)
 .ARM.exidx.text.__udivmoddi4
                0x08007804        0x0 /usr/lib/gcc/arm-none-eabi/12.2.0/thumb/v7e-m+fp/hard/libgcc.a(_udivmoddi4.o)
                                  0x8 (size before relaxing)
                0x08007804                        __exidx_end = .
                0x08007804                        . = ALIGN (0x4)

.rel.dyn        0x08007804        0x0
 .rel.iplt      0x08007804        0x0 /usr/lib/gcc/arm-none-eabi/12.2.0/thumb/v7e-m+fp/hard/crtbegin.o

.preinit_array  0x08007804        0x0
                0x08007804                        . = ALIGN (0x4)
                0x08007804                        PROVIDE (__preinit_array_start = .)
 *(.preinit_array*)
                0x08007804                        PROVIDE (__preinit_array_end = .)
                0x08007804                        . = ALIGN (0x4)

.init_array     0x08007804        0x4
                0x08007804                        . = ALIGN (0x4)
                0x08007804                        PROVIDE (__init_array_start = .)
 *(SORT_BY_NAME(.init_array.*))
 *(.init_array*)
 .init_array    0x08007804        0x4 /usr/lib/gcc/arm-none-eabi/12.2.0/thumb/v7e-m+fp/hard/crtbegin.o
                0x08007808                        PROVIDE (__init_array_end = .)
                0x08007808                        . = ALIGN (0x4)

.fini_array     0x08007808        0x4
                0x08007808                        . = ALIGN (0x4)
                0x08007808                        PROVIDE (__fini_array_start = .)
 *(SORT_BY_NAME(.fini_array.*))
 *(.fini_array*)
 .fini_array    0x08007808        0x4 /usr/lib/gcc/arm-none-eabi/12.2.0/thumb/v7e-m+fp/hard/crtbegin.o
                0x0800780c                        PROVIDE (__fini_array_end = .)
                0x0800780c                        . = ALIGN (0x4)
                0x0800780c                        _sidata = LOADADDR (.data)

.data           0x20000000      0x334 load address 0x0800780c
                0x20000000                        . = ALIGN (0x4)
                0x20000000                        _sdata = .
 *(.data)
 *(.data*)
 .data.pitches  0x20000000      0x1e0 ./Core/Src/main.o
                0x20000000                pitches
 .data.pitches_len
                0x200001e0        0x4 ./Core/Src/main.o
                0x200001e0                pitches_len
 .data.prev_note
                0x200001e4        0x4 ./Core/Src/main.o
                0x200001e4                prev_note
 .data.note_names
                0x200001e8       0xf0 ./Core/Src/main.o
                0x200001e8                note_names
 .data.SystemCoreClock
                0x200002d8        0x4 ./Core/Src/system_stm32f4xx.o
                0x200002d8                SystemCoreClock
 .data.uwTickPrio
                0x200002dc        0x4 ./Drivers/STM32F4xx_HAL_Driver/Src/stm32f4xx_hal.o
                0x200002dc                uwTickPrio
 .data.uwTickFreq
                0x200002e0        0x1 ./Drivers/STM32F4xx_HAL_Driver/Src/stm32f4xx_hal.o
                0x200002e0                uwTickFreq
 *fill*         0x200002e1        0x3 
 .data._impure_ptr
                0x200002e4        0x4 /usr/lib/gcc/arm-none-eabi/12.2.0/../../../../arm-none-eabi/lib/thumb/v7e-m+fp/hard/libc_nano.a(libc_a-impure.o)
                0x200002e4                _impure_ptr
 .data._impure_data
                0x200002e8       0x4c /usr/lib/gcc/arm-none-eabi/12.2.0/../../../../arm-none-eabi/lib/thumb/v7e-m+fp/hard/libc_nano.a(libc_a-impure.o)
                0x200002e8                _impure_data
 *(.RamFunc)
 *(.RamFunc*)
                0x20000334                        . = ALIGN (0x4)
                0x20000334                        _edata = .

.igot.plt       0x20000334        0x0 load address 0x08007b40
 .igot.plt      0x20000334        0x0 /usr/lib/gcc/arm-none-eabi/12.2.0/thumb/v7e-m+fp/hard/crtbegin.o
                0x20000334                        . = ALIGN (0x4)

.bss            0x20000338     0x67d8 load address 0x08007b40
                0x20000338                        _sbss = .
                0x20000338                        __bss_start__ = _sbss
 *(.bss)
 *(.bss*)
 .bss.completed.1
                0x20000338        0x1 /usr/lib/gcc/arm-none-eabi/12.2.0/thumb/v7e-m+fp/hard/crtbegin.o
 *fill*         0x20000339        0x3 
 .bss.object.0  0x2000033c       0x18 /usr/lib/gcc/arm-none-eabi/12.2.0/thumb/v7e-m+fp/hard/crtbegin.o
 .bss.hspi1     0x20000354       0x58 ./Core/Src/main.o
                0x20000354                hspi1
 .bss.hdma_spi1_rx
                0x200003ac       0x60 ./Core/Src/main.o
                0x200003ac                hdma_spi1_rx
 .bss.htim3     0x2000040c       0x48 ./Core/Src/main.o
                0x2000040c                htim3
 .bss.huart2    0x20000454       0x44 ./Core/Src/main.o
                0x20000454                huart2
 .bss.hpcd_USB_OTG_FS
                0x20000498      0x50c ./Core/Src/main.o
                0x20000498                hpcd_USB_OTG_FS
 *fill*         0x200009a4        0x4 
 .bss.buffer    0x200009a8     0x4000 ./Core/Src/main.o
                0x200009a8                buffer
 .bss.buffer_index
                0x200049a8        0x4 ./Core/Src/main.o
                0x200049a8                buffer_index
 .bss.lilbuf    0x200049ac     0x2000 ./Core/Src/main.o
                0x200049ac                lilbuf
 *fill*         0x200069ac        0x4 
 .bss.tracker   0x200069b0       0x10 ./Core/Src/main.o
                0x200069b0                tracker
 .bss.__sbrk_heap_end
                0x200069c0        0x4 ./Core/Src/sysmem.o
 .bss.uwTick    0x200069c4        0x4 ./Drivers/STM32F4xx_HAL_Driver/Src/stm32f4xx_hal.o
                0x200069c4                uwTick
 .bss.__malloc_sbrk_start
                0x200069c8        0x4 /usr/lib/gcc/arm-none-eabi/12.2.0/../../../../arm-none-eabi/lib/thumb/v7e-m+fp/hard/libc_nano.a(libc_a-mallocr.o)
                0x200069c8                __malloc_sbrk_start
 .bss.__malloc_free_list
                0x200069cc        0x4 /usr/lib/gcc/arm-none-eabi/12.2.0/../../../../arm-none-eabi/lib/thumb/v7e-m+fp/hard/libc_nano.a(libc_a-mallocr.o)
                0x200069cc                __malloc_free_list
 .bss.__sf      0x200069d0      0x138 /usr/lib/gcc/arm-none-eabi/12.2.0/../../../../arm-none-eabi/lib/thumb/v7e-m+fp/hard/libc_nano.a(libc_a-findfp.o)
                0x200069d0                __sf
 .bss.errno     0x20006b08        0x4 /usr/lib/gcc/arm-none-eabi/12.2.0/../../../../arm-none-eabi/lib/thumb/v7e-m+fp/hard/libc_nano.a(libc_a-reent.o)
                0x20006b08                errno
 .bss.__lock___malloc_recursive_mutex
                0x20006b0c        0x1 /usr/lib/gcc/arm-none-eabi/12.2.0/../../../../arm-none-eabi/lib/thumb/v7e-m+fp/hard/libc_nano.a(libc_a-lock.o)
                0x20006b0c                __lock___malloc_recursive_mutex
 *(COMMON)
                0x20006b10                        . = ALIGN (0x4)
 *fill*         0x20006b0d        0x3 
                0x20006b10                        _ebss = .
                0x20006b10                        __bss_end__ = _ebss

._user_heap_stack
                0x20006b10      0x600 load address 0x08007b40
                0x20006b10                        . = ALIGN (0x8)
                [!provide]                        PROVIDE (end = .)
                0x20006b10                        PROVIDE (_end = .)
                0x20006d10                        . = (. + _Min_Heap_Size)
 *fill*         0x20006b10      0x200 
                0x20007110                        . = (. + _Min_Stack_Size)
 *fill*         0x20006d10      0x400 
                0x20007110                        . = ALIGN (0x8)

/DISCARD/
 libc.a(*)
 libm.a(*)
 libgcc.a(*)

.ARM.attributes
                0x00000000       0x30
 *(.ARM.attributes)
 .ARM.attributes
                0x00000000       0x22 /usr/lib/gcc/arm-none-eabi/12.2.0/thumb/v7e-m+fp/hard/crti.o
 .ARM.attributes
                0x00000022       0x34 /usr/lib/gcc/arm-none-eabi/12.2.0/thumb/v7e-m+fp/hard/crtbegin.o
 .ARM.attributes
                0x00000056       0x34 ./Core/Src/dywapitchtrack.o
 .ARM.attributes
                0x0000008a       0x34 ./Core/Src/main.o
 .ARM.attributes
                0x000000be       0x34 ./Core/Src/stm32f4xx_hal_msp.o
 .ARM.attributes
                0x000000f2       0x34 ./Core/Src/stm32f4xx_it.o
 .ARM.attributes
                0x00000126       0x34 ./Core/Src/sysmem.o
 .ARM.attributes
                0x0000015a       0x34 ./Core/Src/system_stm32f4xx.o
 .ARM.attributes
                0x0000018e       0x21 ./Core/Startup/startup_stm32f446retx.o
 .ARM.attributes
                0x000001af       0x34 ./Drivers/STM32F4xx_HAL_Driver/Src/stm32f4xx_hal.o
 .ARM.attributes
                0x000001e3       0x34 ./Drivers/STM32F4xx_HAL_Driver/Src/stm32f4xx_hal_cortex.o
 .ARM.attributes
                0x00000217       0x34 ./Drivers/STM32F4xx_HAL_Driver/Src/stm32f4xx_hal_dma.o
 .ARM.attributes
                0x0000024b       0x34 ./Drivers/STM32F4xx_HAL_Driver/Src/stm32f4xx_hal_gpio.o
 .ARM.attributes
                0x0000027f       0x34 ./Drivers/STM32F4xx_HAL_Driver/Src/stm32f4xx_hal_pcd.o
 .ARM.attributes
                0x000002b3       0x34 ./Drivers/STM32F4xx_HAL_Driver/Src/stm32f4xx_hal_pcd_ex.o
 .ARM.attributes
                0x000002e7       0x34 ./Drivers/STM32F4xx_HAL_Driver/Src/stm32f4xx_hal_rcc.o
 .ARM.attributes
                0x0000031b       0x34 ./Drivers/STM32F4xx_HAL_Driver/Src/stm32f4xx_hal_rcc_ex.o
 .ARM.attributes
                0x0000034f       0x34 ./Drivers/STM32F4xx_HAL_Driver/Src/stm32f4xx_hal_spi.o
 .ARM.attributes
                0x00000383       0x34 ./Drivers/STM32F4xx_HAL_Driver/Src/stm32f4xx_hal_tim.o
 .ARM.attributes
                0x000003b7       0x34 ./Drivers/STM32F4xx_HAL_Driver/Src/stm32f4xx_hal_tim_ex.o
 .ARM.attributes
                0x000003eb       0x34 ./Drivers/STM32F4xx_HAL_Driver/Src/stm32f4xx_hal_uart.o
 .ARM.attributes
                0x0000041f       0x34 ./Drivers/STM32F4xx_HAL_Driver/Src/stm32f4xx_ll_usb.o
 .ARM.attributes
                0x00000453       0x34 /usr/lib/gcc/arm-none-eabi/12.2.0/../../../../arm-none-eabi/lib/thumb/v7e-m+fp/hard/libc_nano.a(libc_a-malloc.o)
 .ARM.attributes
                0x00000487       0x34 /usr/lib/gcc/arm-none-eabi/12.2.0/../../../../arm-none-eabi/lib/thumb/v7e-m+fp/hard/libc_nano.a(libc_a-mallocr.o)
 .ARM.attributes
                0x000004bb       0x34 /usr/lib/gcc/arm-none-eabi/12.2.0/../../../../arm-none-eabi/lib/thumb/v7e-m+fp/hard/libc_nano.a(libc_a-mlock.o)
 .ARM.attributes
                0x000004ef       0x34 /usr/lib/gcc/arm-none-eabi/12.2.0/../../../../arm-none-eabi/lib/thumb/v7e-m+fp/hard/libc_nano.a(libc_a-findfp.o)
 .ARM.attributes
                0x00000523       0x34 /usr/lib/gcc/arm-none-eabi/12.2.0/../../../../arm-none-eabi/lib/thumb/v7e-m+fp/hard/libc_nano.a(libc_a-sprintf.o)
 .ARM.attributes
                0x00000557       0x34 /usr/lib/gcc/arm-none-eabi/12.2.0/../../../../arm-none-eabi/lib/thumb/v7e-m+fp/hard/libc_nano.a(libc_a-memset.o)
 .ARM.attributes
                0x0000058b       0x34 /usr/lib/gcc/arm-none-eabi/12.2.0/../../../../arm-none-eabi/lib/thumb/v7e-m+fp/hard/libc_nano.a(libc_a-reent.o)
 .ARM.attributes
                0x000005bf       0x34 /usr/lib/gcc/arm-none-eabi/12.2.0/../../../../arm-none-eabi/lib/thumb/v7e-m+fp/hard/libc_nano.a(libc_a-impure.o)
 .ARM.attributes
                0x000005f3       0x34 /usr/lib/gcc/arm-none-eabi/12.2.0/../../../../arm-none-eabi/lib/thumb/v7e-m+fp/hard/libc_nano.a(libc_a-sbrkr.o)
 .ARM.attributes
                0x00000627       0x34 /usr/lib/gcc/arm-none-eabi/12.2.0/../../../../arm-none-eabi/lib/thumb/v7e-m+fp/hard/libc_nano.a(libc_a-errno.o)
 .ARM.attributes
                0x0000065b       0x34 /usr/lib/gcc/arm-none-eabi/12.2.0/../../../../arm-none-eabi/lib/thumb/v7e-m+fp/hard/libc_nano.a(libc_a-init.o)
 .ARM.attributes
                0x0000068f       0x34 /usr/lib/gcc/arm-none-eabi/12.2.0/../../../../arm-none-eabi/lib/thumb/v7e-m+fp/hard/libc_nano.a(libc_a-lock.o)
 .ARM.attributes
                0x000006c3       0x34 /usr/lib/gcc/arm-none-eabi/12.2.0/../../../../arm-none-eabi/lib/thumb/v7e-m+fp/hard/libc_nano.a(libc_a-memcpy-stub.o)
 .ARM.attributes
                0x000006f7       0x17 /usr/lib/gcc/arm-none-eabi/12.2.0/../../../../arm-none-eabi/lib/thumb/v7e-m+fp/hard/libc_nano.a(libc_a-strlen.o)
 .ARM.attributes
                0x0000070e       0x34 /usr/lib/gcc/arm-none-eabi/12.2.0/../../../../arm-none-eabi/lib/thumb/v7e-m+fp/hard/libc_nano.a(libc_a-freer.o)
 .ARM.attributes
                0x00000742       0x34 /usr/lib/gcc/arm-none-eabi/12.2.0/../../../../arm-none-eabi/lib/thumb/v7e-m+fp/hard/libc_nano.a(libc_a-nano-svfprintf.o)
 .ARM.attributes
                0x00000776       0x34 /usr/lib/gcc/arm-none-eabi/12.2.0/../../../../arm-none-eabi/lib/thumb/v7e-m+fp/hard/libc_nano.a(libc_a-nano-vfprintf_i.o)
 .ARM.attributes
                0x000007aa       0x34 /usr/lib/gcc/arm-none-eabi/12.2.0/../../../../arm-none-eabi/lib/thumb/v7e-m+fp/hard/libc_nano.a(libc_a-memmove.o)
 .ARM.attributes
                0x000007de       0x1c /usr/lib/gcc/arm-none-eabi/12.2.0/../../../../arm-none-eabi/lib/thumb/v7e-m+fp/hard/libc_nano.a(libc_a-memchr.o)
 .ARM.attributes
                0x000007fa       0x34 /usr/lib/gcc/arm-none-eabi/12.2.0/../../../../arm-none-eabi/lib/thumb/v7e-m+fp/hard/libc_nano.a(libc_a-reallocr.o)
 .ARM.attributes
                0x0000082e       0x34 /usr/lib/gcc/arm-none-eabi/12.2.0/../../../../arm-none-eabi/lib/thumb/v7e-m+fp/hard/libc_nano.a(libc_a-msizer.o)
 .ARM.attributes
                0x00000862       0x22 /usr/lib/gcc/arm-none-eabi/12.2.0/thumb/v7e-m+fp/hard/libgcc.a(_arm_addsubdf3.o)
 .ARM.attributes
                0x00000884       0x22 /usr/lib/gcc/arm-none-eabi/12.2.0/thumb/v7e-m+fp/hard/libgcc.a(_arm_muldivdf3.o)
 .ARM.attributes
                0x000008a6       0x22 /usr/lib/gcc/arm-none-eabi/12.2.0/thumb/v7e-m+fp/hard/libgcc.a(_arm_cmpdf2.o)
 .ARM.attributes
                0x000008c8       0x22 /usr/lib/gcc/arm-none-eabi/12.2.0/thumb/v7e-m+fp/hard/libgcc.a(_arm_fixdfsi.o)
 .ARM.attributes
                0x000008ea       0x22 /usr/lib/gcc/arm-none-eabi/12.2.0/thumb/v7e-m+fp/hard/libgcc.a(_aeabi_uldivmod.o)
 .ARM.attributes
                0x0000090c       0x34 /usr/lib/gcc/arm-none-eabi/12.2.0/thumb/v7e-m+fp/hard/libgcc.a(_udivmoddi4.o)
 .ARM.attributes
                0x00000940       0x22 /usr/lib/gcc/arm-none-eabi/12.2.0/thumb/v7e-m+fp/hard/libgcc.a(_dvmd_tls.o)
 .ARM.attributes
                0x00000962       0x22 /usr/lib/gcc/arm-none-eabi/12.2.0/thumb/v7e-m+fp/hard/crtn.o
OUTPUT(midiconverter.elf elf32-littlearm)
LOAD linker stubs
LOAD /usr/lib/gcc/arm-none-eabi/12.2.0/../../../../arm-none-eabi/lib/thumb/v7e-m+fp/hard/libc.a
LOAD /usr/lib/gcc/arm-none-eabi/12.2.0/../../../../arm-none-eabi/lib/thumb/v7e-m+fp/hard/libm.a
LOAD /usr/lib/gcc/arm-none-eabi/12.2.0/thumb/v7e-m+fp/hard/libgcc.a

.debug_info     0x00000000    0x1d0c7
 .debug_info    0x00000000      0x657 ./Core/Src/dywapitchtrack.o
 .debug_info    0x00000657     0x1edf ./Core/Src/main.o
 .debug_info    0x00002536     0x1798 ./Core/Src/stm32f4xx_hal_msp.o
 .debug_info    0x00003cce      0x3a9 ./Core/Src/stm32f4xx_it.o
 .debug_info    0x00004077      0x168 ./Core/Src/sysmem.o
 .debug_info    0x000041df      0x54a ./Core/Src/system_stm32f4xx.o
 .debug_info    0x00004729       0x30 ./Core/Startup/startup_stm32f446retx.o
 .debug_info    0x00004759      0x99e ./Drivers/STM32F4xx_HAL_Driver/Src/stm32f4xx_hal.o
 .debug_info    0x000050f7      0xd64 ./Drivers/STM32F4xx_HAL_Driver/Src/stm32f4xx_hal_cortex.o
 .debug_info    0x00005e5b      0x8e7 ./Drivers/STM32F4xx_HAL_Driver/Src/stm32f4xx_hal_dma.o
 .debug_info    0x00006742      0x70b ./Drivers/STM32F4xx_HAL_Driver/Src/stm32f4xx_hal_gpio.o
 .debug_info    0x00006e4d     0x15b5 ./Drivers/STM32F4xx_HAL_Driver/Src/stm32f4xx_hal_pcd.o
 .debug_info    0x00008402      0x79c ./Drivers/STM32F4xx_HAL_Driver/Src/stm32f4xx_hal_pcd_ex.o
 .debug_info    0x00008b9e      0x8ed ./Drivers/STM32F4xx_HAL_Driver/Src/stm32f4xx_hal_rcc.o
 .debug_info    0x0000948b      0x956 ./Drivers/STM32F4xx_HAL_Driver/Src/stm32f4xx_hal_rcc_ex.o
 .debug_info    0x00009de1     0x15fb ./Drivers/STM32F4xx_HAL_Driver/Src/stm32f4xx_hal_spi.o
 .debug_info    0x0000b3dc     0x2948 ./Drivers/STM32F4xx_HAL_Driver/Src/stm32f4xx_hal_tim.o
 .debug_info    0x0000dd24     0x14ae ./Drivers/STM32F4xx_HAL_Driver/Src/stm32f4xx_hal_tim_ex.o
 .debug_info    0x0000f1d2     0x2fb8 ./Drivers/STM32F4xx_HAL_Driver/Src/stm32f4xx_hal_uart.o
 .debug_info    0x0001218a     0x1954 ./Drivers/STM32F4xx_HAL_Driver/Src/stm32f4xx_ll_usb.o
 .debug_info    0x00013ade      0x794 /usr/lib/gcc/arm-none-eabi/12.2.0/../../../../arm-none-eabi/lib/thumb/v7e-m+fp/hard/libc_nano.a(libc_a-malloc.o)
 .debug_info    0x00014272      0x9b6 /usr/lib/gcc/arm-none-eabi/12.2.0/../../../../arm-none-eabi/lib/thumb/v7e-m+fp/hard/libc_nano.a(libc_a-mallocr.o)
 .debug_info    0x00014c28      0x76b /usr/lib/gcc/arm-none-eabi/12.2.0/../../../../arm-none-eabi/lib/thumb/v7e-m+fp/hard/libc_nano.a(libc_a-mlock.o)
 .debug_info    0x00015393      0xfa9 /usr/lib/gcc/arm-none-eabi/12.2.0/../../../../arm-none-eabi/lib/thumb/v7e-m+fp/hard/libc_nano.a(libc_a-findfp.o)
 .debug_info    0x0001633c      0x87f /usr/lib/gcc/arm-none-eabi/12.2.0/../../../../arm-none-eabi/lib/thumb/v7e-m+fp/hard/libc_nano.a(libc_a-sprintf.o)
 .debug_info    0x00016bbb       0xe0 /usr/lib/gcc/arm-none-eabi/12.2.0/../../../../arm-none-eabi/lib/thumb/v7e-m+fp/hard/libc_nano.a(libc_a-memset.o)
 .debug_info    0x00016c9b      0x855 /usr/lib/gcc/arm-none-eabi/12.2.0/../../../../arm-none-eabi/lib/thumb/v7e-m+fp/hard/libc_nano.a(libc_a-reent.o)
 .debug_info    0x000174f0      0x715 /usr/lib/gcc/arm-none-eabi/12.2.0/../../../../arm-none-eabi/lib/thumb/v7e-m+fp/hard/libc_nano.a(libc_a-impure.o)
 .debug_info    0x00017c05      0x77c /usr/lib/gcc/arm-none-eabi/12.2.0/../../../../arm-none-eabi/lib/thumb/v7e-m+fp/hard/libc_nano.a(libc_a-sbrkr.o)
 .debug_info    0x00018381      0x6fb /usr/lib/gcc/arm-none-eabi/12.2.0/../../../../arm-none-eabi/lib/thumb/v7e-m+fp/hard/libc_nano.a(libc_a-errno.o)
 .debug_info    0x00018a7c      0x10b /usr/lib/gcc/arm-none-eabi/12.2.0/../../../../arm-none-eabi/lib/thumb/v7e-m+fp/hard/libc_nano.a(libc_a-init.o)
 .debug_info    0x00018b87      0x20a /usr/lib/gcc/arm-none-eabi/12.2.0/../../../../arm-none-eabi/lib/thumb/v7e-m+fp/hard/libc_nano.a(libc_a-lock.o)
 .debug_info    0x00018d91      0x121 /usr/lib/gcc/arm-none-eabi/12.2.0/../../../../arm-none-eabi/lib/thumb/v7e-m+fp/hard/libc_nano.a(libc_a-memcpy-stub.o)
 .debug_info    0x00018eb2       0x2f /usr/lib/gcc/arm-none-eabi/12.2.0/../../../../arm-none-eabi/lib/thumb/v7e-m+fp/hard/libc_nano.a(libc_a-strlen.o)
 .debug_info    0x00018ee1      0x84b /usr/lib/gcc/arm-none-eabi/12.2.0/../../../../arm-none-eabi/lib/thumb/v7e-m+fp/hard/libc_nano.a(libc_a-freer.o)
 .debug_info    0x0001972c     0x10c5 /usr/lib/gcc/arm-none-eabi/12.2.0/../../../../arm-none-eabi/lib/thumb/v7e-m+fp/hard/libc_nano.a(libc_a-nano-svfprintf.o)
 .debug_info    0x0001a7f1      0xde2 /usr/lib/gcc/arm-none-eabi/12.2.0/../../../../arm-none-eabi/lib/thumb/v7e-m+fp/hard/libc_nano.a(libc_a-nano-vfprintf_i.o)
 .debug_info    0x0001b5d3      0x10f /usr/lib/gcc/arm-none-eabi/12.2.0/../../../../arm-none-eabi/lib/thumb/v7e-m+fp/hard/libc_nano.a(libc_a-memmove.o)
 .debug_info    0x0001b6e2       0x25 /usr/lib/gcc/arm-none-eabi/12.2.0/../../../../arm-none-eabi/lib/thumb/v7e-m+fp/hard/libc_nano.a(libc_a-memchr.o)
 .debug_info    0x0001b707      0x8c7 /usr/lib/gcc/arm-none-eabi/12.2.0/../../../../arm-none-eabi/lib/thumb/v7e-m+fp/hard/libc_nano.a(libc_a-reallocr.o)
 .debug_info    0x0001bfce      0x794 /usr/lib/gcc/arm-none-eabi/12.2.0/../../../../arm-none-eabi/lib/thumb/v7e-m+fp/hard/libc_nano.a(libc_a-msizer.o)
 .debug_info    0x0001c762       0xc0 /usr/lib/gcc/arm-none-eabi/12.2.0/thumb/v7e-m+fp/hard/libgcc.a(_arm_addsubdf3.o)
 .debug_info    0x0001c822       0x52 /usr/lib/gcc/arm-none-eabi/12.2.0/thumb/v7e-m+fp/hard/libgcc.a(_arm_muldivdf3.o)
 .debug_info    0x0001c874       0xc0 /usr/lib/gcc/arm-none-eabi/12.2.0/thumb/v7e-m+fp/hard/libgcc.a(_arm_cmpdf2.o)
 .debug_info    0x0001c934       0x39 /usr/lib/gcc/arm-none-eabi/12.2.0/thumb/v7e-m+fp/hard/libgcc.a(_arm_fixdfsi.o)
 .debug_info    0x0001c96d       0x24 /usr/lib/gcc/arm-none-eabi/12.2.0/thumb/v7e-m+fp/hard/libgcc.a(_aeabi_uldivmod.o)
 .debug_info    0x0001c991      0x6fd /usr/lib/gcc/arm-none-eabi/12.2.0/thumb/v7e-m+fp/hard/libgcc.a(_udivmoddi4.o)
 .debug_info    0x0001d08e       0x39 /usr/lib/gcc/arm-none-eabi/12.2.0/thumb/v7e-m+fp/hard/libgcc.a(_dvmd_tls.o)

.debug_abbrev   0x00000000     0x500c
 .debug_abbrev  0x00000000      0x1cf ./Core/Src/dywapitchtrack.o
 .debug_abbrev  0x000001cf      0x3b2 ./Core/Src/main.o
 .debug_abbrev  0x00000581      0x2b3 ./Core/Src/stm32f4xx_hal_msp.o
 .debug_abbrev  0x00000834      0x169 ./Core/Src/stm32f4xx_it.o
 .debug_abbrev  0x0000099d       0xbc ./Core/Src/sysmem.o
 .debug_abbrev  0x00000a59      0x11a ./Core/Src/system_stm32f4xx.o
 .debug_abbrev  0x00000b73       0x24 ./Core/Startup/startup_stm32f446retx.o
 .debug_abbrev  0x00000b97      0x213 ./Drivers/STM32F4xx_HAL_Driver/Src/stm32f4xx_hal.o
 .debug_abbrev  0x00000daa      0x327 ./Drivers/STM32F4xx_HAL_Driver/Src/stm32f4xx_hal_cortex.o
 .debug_abbrev  0x000010d1      0x264 ./Drivers/STM32F4xx_HAL_Driver/Src/stm32f4xx_hal_dma.o
 .debug_abbrev  0x00001335      0x1d4 ./Drivers/STM32F4xx_HAL_Driver/Src/stm32f4xx_hal_gpio.o
 .debug_abbrev  0x00001509      0x2e7 ./Drivers/STM32F4xx_HAL_Driver/Src/stm32f4xx_hal_pcd.o
 .debug_abbrev  0x000017f0      0x1dd ./Drivers/STM32F4xx_HAL_Driver/Src/stm32f4xx_hal_pcd_ex.o
 .debug_abbrev  0x000019cd      0x2b6 ./Drivers/STM32F4xx_HAL_Driver/Src/stm32f4xx_hal_rcc.o
 .debug_abbrev  0x00001c83      0x20a ./Drivers/STM32F4xx_HAL_Driver/Src/stm32f4xx_hal_rcc_ex.o
 .debug_abbrev  0x00001e8d      0x284 ./Drivers/STM32F4xx_HAL_Driver/Src/stm32f4xx_hal_spi.o
 .debug_abbrev  0x00002111      0x271 ./Drivers/STM32F4xx_HAL_Driver/Src/stm32f4xx_hal_tim.o
 .debug_abbrev  0x00002382      0x27c ./Drivers/STM32F4xx_HAL_Driver/Src/stm32f4xx_hal_tim_ex.o
 .debug_abbrev  0x000025fe      0x30e ./Drivers/STM32F4xx_HAL_Driver/Src/stm32f4xx_hal_uart.o
 .debug_abbrev  0x0000290c      0x2ac ./Drivers/STM32F4xx_HAL_Driver/Src/stm32f4xx_ll_usb.o
 .debug_abbrev  0x00002bb8      0x1cf /usr/lib/gcc/arm-none-eabi/12.2.0/../../../../arm-none-eabi/lib/thumb/v7e-m+fp/hard/libc_nano.a(libc_a-malloc.o)
 .debug_abbrev  0x00002d87      0x24a /usr/lib/gcc/arm-none-eabi/12.2.0/../../../../arm-none-eabi/lib/thumb/v7e-m+fp/hard/libc_nano.a(libc_a-mallocr.o)
 .debug_abbrev  0x00002fd1      0x1bf /usr/lib/gcc/arm-none-eabi/12.2.0/../../../../arm-none-eabi/lib/thumb/v7e-m+fp/hard/libc_nano.a(libc_a-mlock.o)
 .debug_abbrev  0x00003190      0x424 /usr/lib/gcc/arm-none-eabi/12.2.0/../../../../arm-none-eabi/lib/thumb/v7e-m+fp/hard/libc_nano.a(libc_a-findfp.o)
 .debug_abbrev  0x000035b4      0x21c /usr/lib/gcc/arm-none-eabi/12.2.0/../../../../arm-none-eabi/lib/thumb/v7e-m+fp/hard/libc_nano.a(libc_a-sprintf.o)
 .debug_abbrev  0x000037d0       0x9e /usr/lib/gcc/arm-none-eabi/12.2.0/../../../../arm-none-eabi/lib/thumb/v7e-m+fp/hard/libc_nano.a(libc_a-memset.o)
 .debug_abbrev  0x0000386e      0x1ed /usr/lib/gcc/arm-none-eabi/12.2.0/../../../../arm-none-eabi/lib/thumb/v7e-m+fp/hard/libc_nano.a(libc_a-reent.o)
 .debug_abbrev  0x00003a5b      0x149 /usr/lib/gcc/arm-none-eabi/12.2.0/../../../../arm-none-eabi/lib/thumb/v7e-m+fp/hard/libc_nano.a(libc_a-impure.o)
 .debug_abbrev  0x00003ba4      0x1da /usr/lib/gcc/arm-none-eabi/12.2.0/../../../../arm-none-eabi/lib/thumb/v7e-m+fp/hard/libc_nano.a(libc_a-sbrkr.o)
 .debug_abbrev  0x00003d7e      0x15e /usr/lib/gcc/arm-none-eabi/12.2.0/../../../../arm-none-eabi/lib/thumb/v7e-m+fp/hard/libc_nano.a(libc_a-errno.o)
 .debug_abbrev  0x00003edc       0xc9 /usr/lib/gcc/arm-none-eabi/12.2.0/../../../../arm-none-eabi/lib/thumb/v7e-m+fp/hard/libc_nano.a(libc_a-init.o)
 .debug_abbrev  0x00003fa5      0x115 /usr/lib/gcc/arm-none-eabi/12.2.0/../../../../arm-none-eabi/lib/thumb/v7e-m+fp/hard/libc_nano.a(libc_a-lock.o)
 .debug_abbrev  0x000040ba       0xc1 /usr/lib/gcc/arm-none-eabi/12.2.0/../../../../arm-none-eabi/lib/thumb/v7e-m+fp/hard/libc_nano.a(libc_a-memcpy-stub.o)
 .debug_abbrev  0x0000417b       0x21 /usr/lib/gcc/arm-none-eabi/12.2.0/../../../../arm-none-eabi/lib/thumb/v7e-m+fp/hard/libc_nano.a(libc_a-strlen.o)
 .debug_abbrev  0x0000419c      0x236 /usr/lib/gcc/arm-none-eabi/12.2.0/../../../../arm-none-eabi/lib/thumb/v7e-m+fp/hard/libc_nano.a(libc_a-freer.o)
 .debug_abbrev  0x000043d2      0x31e /usr/lib/gcc/arm-none-eabi/12.2.0/../../../../arm-none-eabi/lib/thumb/v7e-m+fp/hard/libc_nano.a(libc_a-nano-svfprintf.o)
 .debug_abbrev  0x000046f0      0x28e /usr/lib/gcc/arm-none-eabi/12.2.0/../../../../arm-none-eabi/lib/thumb/v7e-m+fp/hard/libc_nano.a(libc_a-nano-vfprintf_i.o)
 .debug_abbrev  0x0000497e       0xac /usr/lib/gcc/arm-none-eabi/12.2.0/../../../../arm-none-eabi/lib/thumb/v7e-m+fp/hard/libc_nano.a(libc_a-memmove.o)
 .debug_abbrev  0x00004a2a       0x14 /usr/lib/gcc/arm-none-eabi/12.2.0/../../../../arm-none-eabi/lib/thumb/v7e-m+fp/hard/libc_nano.a(libc_a-memchr.o)
 .debug_abbrev  0x00004a3e      0x217 /usr/lib/gcc/arm-none-eabi/12.2.0/../../../../arm-none-eabi/lib/thumb/v7e-m+fp/hard/libc_nano.a(libc_a-reallocr.o)
 .debug_abbrev  0x00004c55      0x196 /usr/lib/gcc/arm-none-eabi/12.2.0/../../../../arm-none-eabi/lib/thumb/v7e-m+fp/hard/libc_nano.a(libc_a-msizer.o)
 .debug_abbrev  0x00004deb       0x21 /usr/lib/gcc/arm-none-eabi/12.2.0/thumb/v7e-m+fp/hard/libgcc.a(_arm_addsubdf3.o)
 .debug_abbrev  0x00004e0c       0x21 /usr/lib/gcc/arm-none-eabi/12.2.0/thumb/v7e-m+fp/hard/libgcc.a(_arm_muldivdf3.o)
 .debug_abbrev  0x00004e2d       0x21 /usr/lib/gcc/arm-none-eabi/12.2.0/thumb/v7e-m+fp/hard/libgcc.a(_arm_cmpdf2.o)
 .debug_abbrev  0x00004e4e       0x21 /usr/lib/gcc/arm-none-eabi/12.2.0/thumb/v7e-m+fp/hard/libgcc.a(_arm_fixdfsi.o)
 .debug_abbrev  0x00004e6f       0x14 /usr/lib/gcc/arm-none-eabi/12.2.0/thumb/v7e-m+fp/hard/libgcc.a(_aeabi_uldivmod.o)
 .debug_abbrev  0x00004e83      0x16a /usr/lib/gcc/arm-none-eabi/12.2.0/thumb/v7e-m+fp/hard/libgcc.a(_udivmoddi4.o)
 .debug_abbrev  0x00004fed       0x1f /usr/lib/gcc/arm-none-eabi/12.2.0/thumb/v7e-m+fp/hard/libgcc.a(_dvmd_tls.o)

.debug_aranges  0x00000000     0x16b0
 .debug_aranges
                0x00000000       0x70 ./Core/Src/dywapitchtrack.o
 .debug_aranges
                0x00000070       0x88 ./Core/Src/main.o
 .debug_aranges
                0x000000f8       0x68 ./Core/Src/stm32f4xx_hal_msp.o
 .debug_aranges
                0x00000160       0x68 ./Core/Src/stm32f4xx_it.o
 .debug_aranges
                0x000001c8       0x20 ./Core/Src/sysmem.o
 .debug_aranges
                0x000001e8       0x28 ./Core/Src/system_stm32f4xx.o
 .debug_aranges
                0x00000210       0x28 ./Core/Startup/startup_stm32f446retx.o
 .debug_aranges
                0x00000238       0xf0 ./Drivers/STM32F4xx_HAL_Driver/Src/stm32f4xx_hal.o
 .debug_aranges
                0x00000328      0x118 ./Drivers/STM32F4xx_HAL_Driver/Src/stm32f4xx_hal_cortex.o
 .debug_aranges
                0x00000440       0x90 ./Drivers/STM32F4xx_HAL_Driver/Src/stm32f4xx_hal_dma.o
 .debug_aranges
                0x000004d0       0x58 ./Drivers/STM32F4xx_HAL_Driver/Src/stm32f4xx_hal_gpio.o
 .debug_aranges
                0x00000528      0x148 ./Drivers/STM32F4xx_HAL_Driver/Src/stm32f4xx_hal_pcd.o
 .debug_aranges
                0x00000670       0x48 ./Drivers/STM32F4xx_HAL_Driver/Src/stm32f4xx_hal_pcd_ex.o
 .debug_aranges
                0x000006b8       0x88 ./Drivers/STM32F4xx_HAL_Driver/Src/stm32f4xx_hal_rcc.o
 .debug_aranges
                0x00000740       0x78 ./Drivers/STM32F4xx_HAL_Driver/Src/stm32f4xx_hal_rcc_ex.o
 .debug_aranges
                0x000007b8      0x1d0 ./Drivers/STM32F4xx_HAL_Driver/Src/stm32f4xx_hal_spi.o
 .debug_aranges
                0x00000988      0x3d0 ./Drivers/STM32F4xx_HAL_Driver/Src/stm32f4xx_hal_tim.o
 .debug_aranges
                0x00000d58      0x168 ./Drivers/STM32F4xx_HAL_Driver/Src/stm32f4xx_hal_tim_ex.o
 .debug_aranges
                0x00000ec0      0x200 ./Drivers/STM32F4xx_HAL_Driver/Src/stm32f4xx_hal_uart.o
 .debug_aranges
                0x000010c0      0x1a0 ./Drivers/STM32F4xx_HAL_Driver/Src/stm32f4xx_ll_usb.o
 .debug_aranges
                0x00001260       0x28 /usr/lib/gcc/arm-none-eabi/12.2.0/../../../../arm-none-eabi/lib/thumb/v7e-m+fp/hard/libc_nano.a(libc_a-malloc.o)
 .debug_aranges
                0x00001288       0x28 /usr/lib/gcc/arm-none-eabi/12.2.0/../../../../arm-none-eabi/lib/thumb/v7e-m+fp/hard/libc_nano.a(libc_a-mallocr.o)
 .debug_aranges
                0x000012b0       0x28 /usr/lib/gcc/arm-none-eabi/12.2.0/../../../../arm-none-eabi/lib/thumb/v7e-m+fp/hard/libc_nano.a(libc_a-mlock.o)
 .debug_aranges
                0x000012d8       0x78 /usr/lib/gcc/arm-none-eabi/12.2.0/../../../../arm-none-eabi/lib/thumb/v7e-m+fp/hard/libc_nano.a(libc_a-findfp.o)
 .debug_aranges
                0x00001350       0x28 /usr/lib/gcc/arm-none-eabi/12.2.0/../../../../arm-none-eabi/lib/thumb/v7e-m+fp/hard/libc_nano.a(libc_a-sprintf.o)
 .debug_aranges
                0x00001378       0x20 /usr/lib/gcc/arm-none-eabi/12.2.0/../../../../arm-none-eabi/lib/thumb/v7e-m+fp/hard/libc_nano.a(libc_a-memset.o)
 .debug_aranges
                0x00001398       0x20 /usr/lib/gcc/arm-none-eabi/12.2.0/../../../../arm-none-eabi/lib/thumb/v7e-m+fp/hard/libc_nano.a(libc_a-reent.o)
 .debug_aranges
                0x000013b8       0x18 /usr/lib/gcc/arm-none-eabi/12.2.0/../../../../arm-none-eabi/lib/thumb/v7e-m+fp/hard/libc_nano.a(libc_a-impure.o)
 .debug_aranges
                0x000013d0       0x20 /usr/lib/gcc/arm-none-eabi/12.2.0/../../../../arm-none-eabi/lib/thumb/v7e-m+fp/hard/libc_nano.a(libc_a-sbrkr.o)
 .debug_aranges
                0x000013f0       0x20 /usr/lib/gcc/arm-none-eabi/12.2.0/../../../../arm-none-eabi/lib/thumb/v7e-m+fp/hard/libc_nano.a(libc_a-errno.o)
 .debug_aranges
                0x00001410       0x20 /usr/lib/gcc/arm-none-eabi/12.2.0/../../../../arm-none-eabi/lib/thumb/v7e-m+fp/hard/libc_nano.a(libc_a-init.o)
 .debug_aranges
                0x00001430       0x68 /usr/lib/gcc/arm-none-eabi/12.2.0/../../../../arm-none-eabi/lib/thumb/v7e-m+fp/hard/libc_nano.a(libc_a-lock.o)
 .debug_aranges
                0x00001498       0x20 /usr/lib/gcc/arm-none-eabi/12.2.0/../../../../arm-none-eabi/lib/thumb/v7e-m+fp/hard/libc_nano.a(libc_a-memcpy-stub.o)
 .debug_aranges
                0x000014b8       0x20 /usr/lib/gcc/arm-none-eabi/12.2.0/../../../../arm-none-eabi/lib/thumb/v7e-m+fp/hard/libc_nano.a(libc_a-strlen.o)
 .debug_aranges
                0x000014d8       0x20 /usr/lib/gcc/arm-none-eabi/12.2.0/../../../../arm-none-eabi/lib/thumb/v7e-m+fp/hard/libc_nano.a(libc_a-freer.o)
 .debug_aranges
                0x000014f8       0x30 /usr/lib/gcc/arm-none-eabi/12.2.0/../../../../arm-none-eabi/lib/thumb/v7e-m+fp/hard/libc_nano.a(libc_a-nano-svfprintf.o)
 .debug_aranges
                0x00001528       0x28 /usr/lib/gcc/arm-none-eabi/12.2.0/../../../../arm-none-eabi/lib/thumb/v7e-m+fp/hard/libc_nano.a(libc_a-nano-vfprintf_i.o)
 .debug_aranges
                0x00001550       0x20 /usr/lib/gcc/arm-none-eabi/12.2.0/../../../../arm-none-eabi/lib/thumb/v7e-m+fp/hard/libc_nano.a(libc_a-memmove.o)
 .debug_aranges
                0x00001570       0x20 /usr/lib/gcc/arm-none-eabi/12.2.0/../../../../arm-none-eabi/lib/thumb/v7e-m+fp/hard/libc_nano.a(libc_a-memchr.o)
 .debug_aranges
                0x00001590       0x20 /usr/lib/gcc/arm-none-eabi/12.2.0/../../../../arm-none-eabi/lib/thumb/v7e-m+fp/hard/libc_nano.a(libc_a-reallocr.o)
 .debug_aranges
                0x000015b0       0x20 /usr/lib/gcc/arm-none-eabi/12.2.0/../../../../arm-none-eabi/lib/thumb/v7e-m+fp/hard/libc_nano.a(libc_a-msizer.o)
 .debug_aranges
                0x000015d0       0x20 /usr/lib/gcc/arm-none-eabi/12.2.0/thumb/v7e-m+fp/hard/libgcc.a(_arm_addsubdf3.o)
 .debug_aranges
                0x000015f0       0x20 /usr/lib/gcc/arm-none-eabi/12.2.0/thumb/v7e-m+fp/hard/libgcc.a(_arm_muldivdf3.o)
 .debug_aranges
                0x00001610       0x20 /usr/lib/gcc/arm-none-eabi/12.2.0/thumb/v7e-m+fp/hard/libgcc.a(_arm_cmpdf2.o)
 .debug_aranges
                0x00001630       0x20 /usr/lib/gcc/arm-none-eabi/12.2.0/thumb/v7e-m+fp/hard/libgcc.a(_arm_fixdfsi.o)
 .debug_aranges
                0x00001650       0x20 /usr/lib/gcc/arm-none-eabi/12.2.0/thumb/v7e-m+fp/hard/libgcc.a(_aeabi_uldivmod.o)
 .debug_aranges
                0x00001670       0x20 /usr/lib/gcc/arm-none-eabi/12.2.0/thumb/v7e-m+fp/hard/libgcc.a(_udivmoddi4.o)
 .debug_aranges
                0x00001690       0x20 /usr/lib/gcc/arm-none-eabi/12.2.0/thumb/v7e-m+fp/hard/libgcc.a(_dvmd_tls.o)

.debug_rnglists
                0x00000000     0x1195
 .debug_rnglists
                0x00000000       0x60 ./Core/Src/dywapitchtrack.o
 .debug_rnglists
                0x00000060       0x65 ./Core/Src/main.o
 .debug_rnglists
                0x000000c5       0x4c ./Core/Src/stm32f4xx_hal_msp.o
 .debug_rnglists
                0x00000111       0x49 ./Core/Src/stm32f4xx_it.o
 .debug_rnglists
                0x0000015a       0x13 ./Core/Src/sysmem.o
 .debug_rnglists
                0x0000016d       0x1a ./Core/Src/system_stm32f4xx.o
 .debug_rnglists
                0x00000187       0x19 ./Core/Startup/startup_stm32f446retx.o
 .debug_rnglists
                0x000001a0       0xaf ./Drivers/STM32F4xx_HAL_Driver/Src/stm32f4xx_hal.o
 .debug_rnglists
                0x0000024f       0xce ./Drivers/STM32F4xx_HAL_Driver/Src/stm32f4xx_hal_cortex.o
 .debug_rnglists
                0x0000031d       0x70 ./Drivers/STM32F4xx_HAL_Driver/Src/stm32f4xx_hal_dma.o
 .debug_rnglists
                0x0000038d       0x3f ./Drivers/STM32F4xx_HAL_Driver/Src/stm32f4xx_hal_gpio.o
 .debug_rnglists
                0x000003cc       0xfc ./Drivers/STM32F4xx_HAL_Driver/Src/stm32f4xx_hal_pcd.o
 .debug_rnglists
                0x000004c8       0x32 ./Drivers/STM32F4xx_HAL_Driver/Src/stm32f4xx_hal_pcd_ex.o
 .debug_rnglists
                0x000004fa       0x66 ./Drivers/STM32F4xx_HAL_Driver/Src/stm32f4xx_hal_rcc.o
 .debug_rnglists
                0x00000560       0x5e ./Drivers/STM32F4xx_HAL_Driver/Src/stm32f4xx_hal_rcc_ex.o
 .debug_rnglists
                0x000005be      0x16f ./Drivers/STM32F4xx_HAL_Driver/Src/stm32f4xx_hal_spi.o
 .debug_rnglists
                0x0000072d      0x31a ./Drivers/STM32F4xx_HAL_Driver/Src/stm32f4xx_hal_tim.o
 .debug_rnglists
                0x00000a47      0x125 ./Drivers/STM32F4xx_HAL_Driver/Src/stm32f4xx_hal_tim_ex.o
 .debug_rnglists
                0x00000b6c      0x1b7 ./Drivers/STM32F4xx_HAL_Driver/Src/stm32f4xx_hal_uart.o
 .debug_rnglists
                0x00000d23      0x148 ./Drivers/STM32F4xx_HAL_Driver/Src/stm32f4xx_ll_usb.o
 .debug_rnglists
                0x00000e6b       0x19 /usr/lib/gcc/arm-none-eabi/12.2.0/../../../../arm-none-eabi/lib/thumb/v7e-m+fp/hard/libc_nano.a(libc_a-malloc.o)
 .debug_rnglists
                0x00000e84       0x29 /usr/lib/gcc/arm-none-eabi/12.2.0/../../../../arm-none-eabi/lib/thumb/v7e-m+fp/hard/libc_nano.a(libc_a-mallocr.o)
 .debug_rnglists
                0x00000ead       0x19 /usr/lib/gcc/arm-none-eabi/12.2.0/../../../../arm-none-eabi/lib/thumb/v7e-m+fp/hard/libc_nano.a(libc_a-mlock.o)
 .debug_rnglists
                0x00000ec6       0x7a /usr/lib/gcc/arm-none-eabi/12.2.0/../../../../arm-none-eabi/lib/thumb/v7e-m+fp/hard/libc_nano.a(libc_a-findfp.o)
 .debug_rnglists
                0x00000f40       0x19 /usr/lib/gcc/arm-none-eabi/12.2.0/../../../../arm-none-eabi/lib/thumb/v7e-m+fp/hard/libc_nano.a(libc_a-sprintf.o)
 .debug_rnglists
                0x00000f59       0x13 /usr/lib/gcc/arm-none-eabi/12.2.0/../../../../arm-none-eabi/lib/thumb/v7e-m+fp/hard/libc_nano.a(libc_a-memset.o)
 .debug_rnglists
                0x00000f6c       0x30 /usr/lib/gcc/arm-none-eabi/12.2.0/../../../../arm-none-eabi/lib/thumb/v7e-m+fp/hard/libc_nano.a(libc_a-reent.o)
 .debug_rnglists
                0x00000f9c       0x13 /usr/lib/gcc/arm-none-eabi/12.2.0/../../../../arm-none-eabi/lib/thumb/v7e-m+fp/hard/libc_nano.a(libc_a-sbrkr.o)
 .debug_rnglists
                0x00000faf       0x13 /usr/lib/gcc/arm-none-eabi/12.2.0/../../../../arm-none-eabi/lib/thumb/v7e-m+fp/hard/libc_nano.a(libc_a-errno.o)
 .debug_rnglists
                0x00000fc2       0x13 /usr/lib/gcc/arm-none-eabi/12.2.0/../../../../arm-none-eabi/lib/thumb/v7e-m+fp/hard/libc_nano.a(libc_a-init.o)
 .debug_rnglists
                0x00000fd5       0x49 /usr/lib/gcc/arm-none-eabi/12.2.0/../../../../arm-none-eabi/lib/thumb/v7e-m+fp/hard/libc_nano.a(libc_a-lock.o)
 .debug_rnglists
                0x0000101e       0x13 /usr/lib/gcc/arm-none-eabi/12.2.0/../../../../arm-none-eabi/lib/thumb/v7e-m+fp/hard/libc_nano.a(libc_a-memcpy-stub.o)
 .debug_rnglists
                0x00001031       0x14 /usr/lib/gcc/arm-none-eabi/12.2.0/../../../../arm-none-eabi/lib/thumb/v7e-m+fp/hard/libc_nano.a(libc_a-freer.o)
 .debug_rnglists
                0x00001045       0x44 /usr/lib/gcc/arm-none-eabi/12.2.0/../../../../arm-none-eabi/lib/thumb/v7e-m+fp/hard/libc_nano.a(libc_a-nano-svfprintf.o)
 .debug_rnglists
                0x00001089       0x66 /usr/lib/gcc/arm-none-eabi/12.2.0/../../../../arm-none-eabi/lib/thumb/v7e-m+fp/hard/libc_nano.a(libc_a-nano-vfprintf_i.o)
 .debug_rnglists
                0x000010ef       0x13 /usr/lib/gcc/arm-none-eabi/12.2.0/../../../../arm-none-eabi/lib/thumb/v7e-m+fp/hard/libc_nano.a(libc_a-memmove.o)
 .debug_rnglists
                0x00001102       0x13 /usr/lib/gcc/arm-none-eabi/12.2.0/../../../../arm-none-eabi/lib/thumb/v7e-m+fp/hard/libc_nano.a(libc_a-reallocr.o)
 .debug_rnglists
                0x00001115       0x13 /usr/lib/gcc/arm-none-eabi/12.2.0/../../../../arm-none-eabi/lib/thumb/v7e-m+fp/hard/libc_nano.a(libc_a-msizer.o)
 .debug_rnglists
                0x00001128       0x6d /usr/lib/gcc/arm-none-eabi/12.2.0/thumb/v7e-m+fp/hard/libgcc.a(_udivmoddi4.o)

.debug_macro    0x00000000    0x230ea
 .debug_macro   0x00000000      0x15d ./Core/Src/dywapitchtrack.o
 .debug_macro   0x0000015d      0xab4 ./Core/Src/dywapitchtrack.o
 .debug_macro   0x00000c11       0x22 ./Core/Src/dywapitchtrack.o
 .debug_macro   0x00000c33       0x5b ./Core/Src/dywapitchtrack.o
 .debug_macro   0x00000c8e       0x2a ./Core/Src/dywapitchtrack.o
 .debug_macro   0x00000cb8       0x94 ./Core/Src/dywapitchtrack.o
 .debug_macro   0x00000d4c       0x43 ./Core/Src/dywapitchtrack.o
 .debug_macro   0x00000d8f       0x34 ./Core/Src/dywapitchtrack.o
 .debug_macro   0x00000dc3      0x189 ./Core/Src/dywapitchtrack.o
 .debug_macro   0x00000f4c       0x16 ./Core/Src/dywapitchtrack.o
 .debug_macro   0x00000f62       0x43 ./Core/Src/dywapitchtrack.o
 .debug_macro   0x00000fa5       0x57 ./Core/Src/dywapitchtrack.o
 .debug_macro   0x00000ffc       0x34 ./Core/Src/dywapitchtrack.o
 .debug_macro   0x00001030       0x10 ./Core/Src/dywapitchtrack.o
 .debug_macro   0x00001040       0x58 ./Core/Src/dywapitchtrack.o
 .debug_macro   0x00001098       0x8e ./Core/Src/dywapitchtrack.o
 .debug_macro   0x00001126       0x1c ./Core/Src/dywapitchtrack.o
 .debug_macro   0x00001142      0x177 ./Core/Src/dywapitchtrack.o
 .debug_macro   0x000012b9      0x369 ./Core/Src/dywapitchtrack.o
 .debug_macro   0x00001622      0x19b ./Core/Src/dywapitchtrack.o
 .debug_macro   0x000017bd       0x16 ./Core/Src/dywapitchtrack.o
 .debug_macro   0x000017d3       0x35 ./Core/Src/dywapitchtrack.o
 .debug_macro   0x00001808       0x16 ./Core/Src/dywapitchtrack.o
 .debug_macro   0x0000181e       0x29 ./Core/Src/dywapitchtrack.o
 .debug_macro   0x00001847       0x16 ./Core/Src/dywapitchtrack.o
 .debug_macro   0x0000185d      0x2f0 ./Core/Src/main.o
 .debug_macro   0x00001b4d      0x2a7 ./Core/Src/main.o
 .debug_macro   0x00001df4       0x2e ./Core/Src/main.o
 .debug_macro   0x00001e22       0x28 ./Core/Src/main.o
 .debug_macro   0x00001e4a       0x8e ./Core/Src/main.o
 .debug_macro   0x00001ed8       0x51 ./Core/Src/main.o
 .debug_macro   0x00001f29      0x103 ./Core/Src/main.o
 .debug_macro   0x0000202c       0x6a ./Core/Src/main.o
 .debug_macro   0x00002096      0x1df ./Core/Src/main.o
 .debug_macro   0x00002275       0x1c ./Core/Src/main.o
 .debug_macro   0x00002291       0x22 ./Core/Src/main.o
 .debug_macro   0x000022b3       0xd9 ./Core/Src/main.o
 .debug_macro   0x0000238c     0x102d ./Core/Src/main.o
 .debug_macro   0x000033b9      0x11f ./Core/Src/main.o
 .debug_macro   0x000034d8    0x16749 ./Core/Src/main.o
 .debug_macro   0x00019c21       0x6d ./Core/Src/main.o
 .debug_macro   0x00019c8e     0x367e ./Core/Src/main.o
 .debug_macro   0x0001d30c       0x5c ./Core/Src/main.o
 .debug_macro   0x0001d368      0xc90 ./Core/Src/main.o
 .debug_macro   0x0001dff8      0x9fe ./Core/Src/main.o
 .debug_macro   0x0001e9f6      0x115 ./Core/Src/main.o
 .debug_macro   0x0001eb0b      0x1a0 ./Core/Src/main.o
 .debug_macro   0x0001ecab       0xa5 ./Core/Src/main.o
 .debug_macro   0x0001ed50      0x16d ./Core/Src/main.o
 .debug_macro   0x0001eebd      0x287 ./Core/Src/main.o
 .debug_macro   0x0001f144       0x5f ./Core/Src/main.o
 .debug_macro   0x0001f1a3      0x236 ./Core/Src/main.o
 .debug_macro   0x0001f3d9      0x132 ./Core/Src/main.o
 .debug_macro   0x0001f50b      0x29c ./Core/Src/main.o
 .debug_macro   0x0001f7a7       0x2e ./Core/Src/main.o
 .debug_macro   0x0001f7d5      0x11a ./Core/Src/main.o
 .debug_macro   0x0001f8ef       0xe8 ./Core/Src/main.o
 .debug_macro   0x0001f9d7       0x89 ./Core/Src/main.o
 .debug_macro   0x0001fa60      0x225 ./Core/Src/main.o
 .debug_macro   0x0001fc85      0x8e6 ./Core/Src/main.o
 .debug_macro   0x0002056b       0x4d ./Core/Src/main.o
 .debug_macro   0x000205b8      0x295 ./Core/Src/main.o
 .debug_macro   0x0002084d      0x248 ./Core/Src/main.o
 .debug_macro   0x00020a95       0xba ./Core/Src/main.o
 .debug_macro   0x00020b4f      0x126 ./Core/Src/main.o
 .debug_macro   0x00020c75       0x34 ./Core/Src/main.o
 .debug_macro   0x00020ca9       0x61 ./Core/Src/main.o
 .debug_macro   0x00020d0a       0x10 ./Core/Src/main.o
 .debug_macro   0x00020d1a      0x20b ./Core/Src/stm32f4xx_hal_msp.o
 .debug_macro   0x00020f25      0x215 ./Core/Src/stm32f4xx_it.o
 .debug_macro   0x0002113a       0xff ./Core/Src/sysmem.o
 .debug_macro   0x00021239      0x23c ./Core/Src/sysmem.o
 .debug_macro   0x00021475      0x1fc ./Core/Src/system_stm32f4xx.o
 .debug_macro   0x00021671      0x25c ./Drivers/STM32F4xx_HAL_Driver/Src/stm32f4xx_hal.o
 .debug_macro   0x000218cd      0x1fc ./Drivers/STM32F4xx_HAL_Driver/Src/stm32f4xx_hal_cortex.o
 .debug_macro   0x00021ac9      0x202 ./Drivers/STM32F4xx_HAL_Driver/Src/stm32f4xx_hal_dma.o
 .debug_macro   0x00021ccb      0x202 ./Drivers/STM32F4xx_HAL_Driver/Src/stm32f4xx_hal_gpio.o
 .debug_macro   0x00021ecd      0x208 ./Drivers/STM32F4xx_HAL_Driver/Src/stm32f4xx_hal_pcd.o
 .debug_macro   0x000220d5      0x1fc ./Drivers/STM32F4xx_HAL_Driver/Src/stm32f4xx_hal_pcd_ex.o
 .debug_macro   0x000222d1      0x220 ./Drivers/STM32F4xx_HAL_Driver/Src/stm32f4xx_hal_rcc.o
 .debug_macro   0x000224f1      0x1fc ./Drivers/STM32F4xx_HAL_Driver/Src/stm32f4xx_hal_rcc_ex.o
 .debug_macro   0x000226ed      0x20b ./Drivers/STM32F4xx_HAL_Driver/Src/stm32f4xx_hal_spi.o
 .debug_macro   0x000228f8      0x1fd ./Drivers/STM32F4xx_HAL_Driver/Src/stm32f4xx_hal_tim.o
 .debug_macro   0x00022af5      0x1fc ./Drivers/STM32F4xx_HAL_Driver/Src/stm32f4xx_hal_tim_ex.o
 .debug_macro   0x00022cf1      0x1fd ./Drivers/STM32F4xx_HAL_Driver/Src/stm32f4xx_hal_uart.o
 .debug_macro   0x00022eee      0x1fc ./Drivers/STM32F4xx_HAL_Driver/Src/stm32f4xx_ll_usb.o

.debug_line     0x00000000    0x16aa5
 .debug_line    0x00000000      0x85a ./Core/Src/dywapitchtrack.o
 .debug_line    0x0000085a      0x948 ./Core/Src/main.o
 .debug_line    0x000011a2      0x661 ./Core/Src/stm32f4xx_hal_msp.o
 .debug_line    0x00001803      0x5b0 ./Core/Src/stm32f4xx_it.o
 .debug_line    0x00001db3      0x215 ./Core/Src/sysmem.o
 .debug_line    0x00001fc8      0x55a ./Core/Src/system_stm32f4xx.o
 .debug_line    0x00002522       0x7a ./Core/Startup/startup_stm32f446retx.o
 .debug_line    0x0000259c      0x7c3 ./Drivers/STM32F4xx_HAL_Driver/Src/stm32f4xx_hal.o
 .debug_line    0x00002d5f      0xa70 ./Drivers/STM32F4xx_HAL_Driver/Src/stm32f4xx_hal_cortex.o
 .debug_line    0x000037cf      0xd33 ./Drivers/STM32F4xx_HAL_Driver/Src/stm32f4xx_hal_dma.o
 .debug_line    0x00004502      0x93b ./Drivers/STM32F4xx_HAL_Driver/Src/stm32f4xx_hal_gpio.o
 .debug_line    0x00004e3d     0x12e9 ./Drivers/STM32F4xx_HAL_Driver/Src/stm32f4xx_hal_pcd.o
 .debug_line    0x00006126      0x5f7 ./Drivers/STM32F4xx_HAL_Driver/Src/stm32f4xx_hal_pcd_ex.o
 .debug_line    0x0000671d      0xb42 ./Drivers/STM32F4xx_HAL_Driver/Src/stm32f4xx_hal_rcc.o
 .debug_line    0x0000725f     0x11de ./Drivers/STM32F4xx_HAL_Driver/Src/stm32f4xx_hal_rcc_ex.o
 .debug_line    0x0000843d     0x1a78 ./Drivers/STM32F4xx_HAL_Driver/Src/stm32f4xx_hal_spi.o
 .debug_line    0x00009eb5     0x34c7 ./Drivers/STM32F4xx_HAL_Driver/Src/stm32f4xx_hal_tim.o
 .debug_line    0x0000d37c     0x17ba ./Drivers/STM32F4xx_HAL_Driver/Src/stm32f4xx_hal_tim_ex.o
 .debug_line    0x0000eb36     0x287a ./Drivers/STM32F4xx_HAL_Driver/Src/stm32f4xx_hal_uart.o
 .debug_line    0x000113b0     0x1a96 ./Drivers/STM32F4xx_HAL_Driver/Src/stm32f4xx_ll_usb.o
 .debug_line    0x00012e46      0x19e /usr/lib/gcc/arm-none-eabi/12.2.0/../../../../arm-none-eabi/lib/thumb/v7e-m+fp/hard/libc_nano.a(libc_a-malloc.o)
 .debug_line    0x00012fe4      0x47a /usr/lib/gcc/arm-none-eabi/12.2.0/../../../../arm-none-eabi/lib/thumb/v7e-m+fp/hard/libc_nano.a(libc_a-mallocr.o)
 .debug_line    0x0001345e      0x18a /usr/lib/gcc/arm-none-eabi/12.2.0/../../../../arm-none-eabi/lib/thumb/v7e-m+fp/hard/libc_nano.a(libc_a-mlock.o)
 .debug_line    0x000135e8      0x533 /usr/lib/gcc/arm-none-eabi/12.2.0/../../../../arm-none-eabi/lib/thumb/v7e-m+fp/hard/libc_nano.a(libc_a-findfp.o)
 .debug_line    0x00013b1b      0x24d /usr/lib/gcc/arm-none-eabi/12.2.0/../../../../arm-none-eabi/lib/thumb/v7e-m+fp/hard/libc_nano.a(libc_a-sprintf.o)
 .debug_line    0x00013d68      0x123 /usr/lib/gcc/arm-none-eabi/12.2.0/../../../../arm-none-eabi/lib/thumb/v7e-m+fp/hard/libc_nano.a(libc_a-memset.o)
 .debug_line    0x00013e8b      0x274 /usr/lib/gcc/arm-none-eabi/12.2.0/../../../../arm-none-eabi/lib/thumb/v7e-m+fp/hard/libc_nano.a(libc_a-reent.o)
 .debug_line    0x000140ff      0x108 /usr/lib/gcc/arm-none-eabi/12.2.0/../../../../arm-none-eabi/lib/thumb/v7e-m+fp/hard/libc_nano.a(libc_a-impure.o)
 .debug_line    0x00014207      0x1b8 /usr/lib/gcc/arm-none-eabi/12.2.0/../../../../arm-none-eabi/lib/thumb/v7e-m+fp/hard/libc_nano.a(libc_a-sbrkr.o)
 .debug_line    0x000143bf      0x12a /usr/lib/gcc/arm-none-eabi/12.2.0/../../../../arm-none-eabi/lib/thumb/v7e-m+fp/hard/libc_nano.a(libc_a-errno.o)
 .debug_line    0x000144e9      0x135 /usr/lib/gcc/arm-none-eabi/12.2.0/../../../../arm-none-eabi/lib/thumb/v7e-m+fp/hard/libc_nano.a(libc_a-init.o)
 .debug_line    0x0001461e      0x17d /usr/lib/gcc/arm-none-eabi/12.2.0/../../../../arm-none-eabi/lib/thumb/v7e-m+fp/hard/libc_nano.a(libc_a-lock.o)
 .debug_line    0x0001479b      0x191 /usr/lib/gcc/arm-none-eabi/12.2.0/../../../../arm-none-eabi/lib/thumb/v7e-m+fp/hard/libc_nano.a(libc_a-memcpy-stub.o)
 .debug_line    0x0001492c       0x4f /usr/lib/gcc/arm-none-eabi/12.2.0/../../../../arm-none-eabi/lib/thumb/v7e-m+fp/hard/libc_nano.a(libc_a-strlen.o)
 .debug_line    0x0001497b      0x2b2 /usr/lib/gcc/arm-none-eabi/12.2.0/../../../../arm-none-eabi/lib/thumb/v7e-m+fp/hard/libc_nano.a(libc_a-freer.o)
 .debug_line    0x00014c2d      0x800 /usr/lib/gcc/arm-none-eabi/12.2.0/../../../../arm-none-eabi/lib/thumb/v7e-m+fp/hard/libc_nano.a(libc_a-nano-svfprintf.o)
 .debug_line    0x0001542d      0x6ec /usr/lib/gcc/arm-none-eabi/12.2.0/../../../../arm-none-eabi/lib/thumb/v7e-m+fp/hard/libc_nano.a(libc_a-nano-vfprintf_i.o)
 .debug_line    0x00015b19      0x161 /usr/lib/gcc/arm-none-eabi/12.2.0/../../../../arm-none-eabi/lib/thumb/v7e-m+fp/hard/libc_nano.a(libc_a-memmove.o)
 .debug_line    0x00015c7a       0x84 /usr/lib/gcc/arm-none-eabi/12.2.0/../../../../arm-none-eabi/lib/thumb/v7e-m+fp/hard/libc_nano.a(libc_a-memchr.o)
 .debug_line    0x00015cfe      0x211 /usr/lib/gcc/arm-none-eabi/12.2.0/../../../../arm-none-eabi/lib/thumb/v7e-m+fp/hard/libc_nano.a(libc_a-reallocr.o)
 .debug_line    0x00015f0f      0x1a2 /usr/lib/gcc/arm-none-eabi/12.2.0/../../../../arm-none-eabi/lib/thumb/v7e-m+fp/hard/libc_nano.a(libc_a-msizer.o)
 .debug_line    0x000160b1      0x16f /usr/lib/gcc/arm-none-eabi/12.2.0/thumb/v7e-m+fp/hard/libgcc.a(_arm_addsubdf3.o)
 .debug_line    0x00016220      0x184 /usr/lib/gcc/arm-none-eabi/12.2.0/thumb/v7e-m+fp/hard/libgcc.a(_arm_muldivdf3.o)
 .debug_line    0x000163a4       0xa6 /usr/lib/gcc/arm-none-eabi/12.2.0/thumb/v7e-m+fp/hard/libgcc.a(_arm_cmpdf2.o)
 .debug_line    0x0001644a       0x62 /usr/lib/gcc/arm-none-eabi/12.2.0/thumb/v7e-m+fp/hard/libgcc.a(_arm_fixdfsi.o)
 .debug_line    0x000164ac       0x4e /usr/lib/gcc/arm-none-eabi/12.2.0/thumb/v7e-m+fp/hard/libgcc.a(_aeabi_uldivmod.o)
 .debug_line    0x000164fa      0x561 /usr/lib/gcc/arm-none-eabi/12.2.0/thumb/v7e-m+fp/hard/libgcc.a(_udivmoddi4.o)
 .debug_line    0x00016a5b       0x4a /usr/lib/gcc/arm-none-eabi/12.2.0/thumb/v7e-m+fp/hard/libgcc.a(_dvmd_tls.o)

.debug_str      0x00000000    0xd6997
 .debug_str     0x00000000     0x710a ./Core/Src/dywapitchtrack.o
                               0x7277 (size before relaxing)
 .debug_str     0x0000710a    0xc9920 ./Core/Src/main.o
                              0xd02c8 (size before relaxing)
 .debug_str     0x000d0a2a      0x2be ./Core/Src/stm32f4xx_hal_msp.o
                              0xcc9b5 (size before relaxing)
 .debug_str     0x000d0ce8       0xf4 ./Core/Src/stm32f4xx_it.o
                              0xcbbd0 (size before relaxing)
 .debug_str     0x000d0ddc      0x4dc ./Core/Src/sysmem.o
                               0x609d (size before relaxing)
 .debug_str     0x000d12b8       0xdb ./Core/Src/system_stm32f4xx.o
                              0xcb9ea (size before relaxing)
 .debug_str     0x000d1393       0x42 ./Core/Startup/startup_stm32f446retx.o
                                 0x78 (size before relaxing)
 .debug_str     0x000d13d5      0x5f0 ./Drivers/STM32F4xx_HAL_Driver/Src/stm32f4xx_hal.o
                              0xcc5af (size before relaxing)
 .debug_str     0x000d19c5      0x33a ./Drivers/STM32F4xx_HAL_Driver/Src/stm32f4xx_hal_cortex.o
                              0xcc2bd (size before relaxing)
 .debug_str     0x000d1cff      0x2e6 ./Drivers/STM32F4xx_HAL_Driver/Src/stm32f4xx_hal_dma.o
                              0xcbddf (size before relaxing)
 .debug_str     0x000d1fe5      0x15d ./Drivers/STM32F4xx_HAL_Driver/Src/stm32f4xx_hal_gpio.o
                              0xcbb65 (size before relaxing)
 .debug_str     0x000d2142      0x832 ./Drivers/STM32F4xx_HAL_Driver/Src/stm32f4xx_hal_pcd.o
                              0xcc4df (size before relaxing)
 .debug_str     0x000d2974      0x12d ./Drivers/STM32F4xx_HAL_Driver/Src/stm32f4xx_hal_pcd_ex.o
                              0xcbde0 (size before relaxing)
 .debug_str     0x000d2aa1      0x21f ./Drivers/STM32F4xx_HAL_Driver/Src/stm32f4xx_hal_rcc.o
                              0xcbe23 (size before relaxing)
 .debug_str     0x000d2cc0      0x19d ./Drivers/STM32F4xx_HAL_Driver/Src/stm32f4xx_hal_rcc_ex.o
                              0xcbe56 (size before relaxing)
 .debug_str     0x000d2e5d      0x521 ./Drivers/STM32F4xx_HAL_Driver/Src/stm32f4xx_hal_spi.o
                              0xcc289 (size before relaxing)
 .debug_str     0x000d337e      0xd4c ./Drivers/STM32F4xx_HAL_Driver/Src/stm32f4xx_hal_tim.o
                              0xccd3f (size before relaxing)
 .debug_str     0x000d40ca      0x493 ./Drivers/STM32F4xx_HAL_Driver/Src/stm32f4xx_hal_tim_ex.o
                              0xcc55b (size before relaxing)
 .debug_str     0x000d455d      0x5d0 ./Drivers/STM32F4xx_HAL_Driver/Src/stm32f4xx_hal_uart.o
                              0xcc398 (size before relaxing)
 .debug_str     0x000d4b2d      0x43b ./Drivers/STM32F4xx_HAL_Driver/Src/stm32f4xx_ll_usb.o
                              0xcc328 (size before relaxing)
 .debug_str     0x000d4f68      0x3fa /usr/lib/gcc/arm-none-eabi/12.2.0/../../../../arm-none-eabi/lib/thumb/v7e-m+fp/hard/libc_nano.a(libc_a-malloc.o)
                                0x504 (size before relaxing)
 .debug_str     0x000d5362       0xf8 /usr/lib/gcc/arm-none-eabi/12.2.0/../../../../arm-none-eabi/lib/thumb/v7e-m+fp/hard/libc_nano.a(libc_a-mallocr.o)
                                0x5c0 (size before relaxing)
 .debug_str     0x000d545a       0xa7 /usr/lib/gcc/arm-none-eabi/12.2.0/../../../../arm-none-eabi/lib/thumb/v7e-m+fp/hard/libc_nano.a(libc_a-mlock.o)
                                0x561 (size before relaxing)
 .debug_str     0x000d5501      0x225 /usr/lib/gcc/arm-none-eabi/12.2.0/../../../../arm-none-eabi/lib/thumb/v7e-m+fp/hard/libc_nano.a(libc_a-findfp.o)
                                0x762 (size before relaxing)
 .debug_str     0x000d5726       0x7a /usr/lib/gcc/arm-none-eabi/12.2.0/../../../../arm-none-eabi/lib/thumb/v7e-m+fp/hard/libc_nano.a(libc_a-sprintf.o)
                                0x51e (size before relaxing)
 .debug_str     0x000d57a0       0x44 /usr/lib/gcc/arm-none-eabi/12.2.0/../../../../arm-none-eabi/lib/thumb/v7e-m+fp/hard/libc_nano.a(libc_a-memset.o)
                                0x1bf (size before relaxing)
 .debug_str     0x000d57e4       0x61 /usr/lib/gcc/arm-none-eabi/12.2.0/../../../../arm-none-eabi/lib/thumb/v7e-m+fp/hard/libc_nano.a(libc_a-reent.o)
                                0x4fe (size before relaxing)
 .debug_str     0x000d5845       0x43 /usr/lib/gcc/arm-none-eabi/12.2.0/../../../../arm-none-eabi/lib/thumb/v7e-m+fp/hard/libc_nano.a(libc_a-impure.o)
                                0x4df (size before relaxing)
 .debug_str     0x000d5888       0x42 /usr/lib/gcc/arm-none-eabi/12.2.0/../../../../arm-none-eabi/lib/thumb/v7e-m+fp/hard/libc_nano.a(libc_a-sbrkr.o)
                                0x4e8 (size before relaxing)
 .debug_str     0x000d58ca       0x42 /usr/lib/gcc/arm-none-eabi/12.2.0/../../../../arm-none-eabi/lib/thumb/v7e-m+fp/hard/libc_nano.a(libc_a-errno.o)
                                0x4d9 (size before relaxing)
 .debug_str     0x000d590c       0xa0 /usr/lib/gcc/arm-none-eabi/12.2.0/../../../../arm-none-eabi/lib/thumb/v7e-m+fp/hard/libc_nano.a(libc_a-init.o)
                                0x220 (size before relaxing)
 .debug_str     0x000d59ac      0x1a1 /usr/lib/gcc/arm-none-eabi/12.2.0/../../../../arm-none-eabi/lib/thumb/v7e-m+fp/hard/libc_nano.a(libc_a-lock.o)
                                0x332 (size before relaxing)
 .debug_str     0x000d5b4d       0x62 /usr/lib/gcc/arm-none-eabi/12.2.0/../../../../arm-none-eabi/lib/thumb/v7e-m+fp/hard/libc_nano.a(libc_a-memcpy-stub.o)
                                0x1dd (size before relaxing)
 .debug_str     0x000d5baf       0x5f /usr/lib/gcc/arm-none-eabi/12.2.0/../../../../arm-none-eabi/lib/thumb/v7e-m+fp/hard/libc_nano.a(libc_a-strlen.o)
                                 0xba (size before relaxing)
 .debug_str     0x000d5c0e       0x67 /usr/lib/gcc/arm-none-eabi/12.2.0/../../../../arm-none-eabi/lib/thumb/v7e-m+fp/hard/libc_nano.a(libc_a-freer.o)
                                0x55f (size before relaxing)