../Core/Src/main.c:222:6:HAL_SPI_RxHalfCpltCallback	24	static
../Core/Src/main.c:230:6:HAL_SPI_RxCpltCallback	24	static
../Core/Src/main.c:245:5:sign	16	static
../Core/Src/main.c:249:8:absd	16	static
../Core/Src/main.c:254:6:run_conversion	88	static
../Core/Src/main.c:327:5:main	8	static
../Core/Src/main.c:379:6:SystemClock_Config	88	static
../Core/Src/main.c:426:13:MX_SPI1_Init	8	static
../Core/Src/main.c:463:13:MX_TIM3_Init	64	static
../Core/Src/main.c:522:13:MX_USART2_UART_Init	8	static
../Core/Src/main.c:555:13:MX_USB_OTG_FS_PCD_Init	8	static
../Core/Src/main.c:588:13:MX_DMA_Init	16	static
../Core/Src/main.c:606:13:MX_GPIO_Init	48	static
../Core/Src/main.c:638:6:Error_Handler	4	static
